Archive member included to satisfy reference by file (symbol)

/Applications/VEXcode Pro V5.app/Contents/Resources/sdk/vexv5/libv5rt.a(v5_startup.c.obj)
                              (vexStartup)
/Applications/VEXcode Pro V5.app/Contents/Resources/sdk/vexv5/libv5rt.a(v5_util.c.obj)
                              /Applications/VEXcode Pro V5.app/Contents/Resources/sdk/vexv5/libv5rt.a(v5_startup.c.obj) (vexStdlibVersionLinked)
/Applications/VEXcode Pro V5.app/Contents/Resources/sdk/vexv5/libv5rt.a(v5_apijump.c.obj)
                              /Applications/VEXcode Pro V5.app/Contents/Resources/sdk/vexv5/libv5rt.a(v5_startup.c.obj) (vexPrivateApiEnable)
/Applications/VEXcode Pro V5.app/Contents/Resources/sdk/vexv5/libv5rt.a(v5_apiversions.c.obj)
                              /Applications/VEXcode Pro V5.app/Contents/Resources/sdk/vexv5/libv5rt.a(v5_apijump.c.obj) (vexSystemVersion)
/Applications/VEXcode Pro V5.app/Contents/Resources/sdk/vexv5/libv5rt.a(vex_global.cpp.obj)
                              build/src/main.o (vex::wait(double, vex::timeUnits))
/Applications/VEXcode Pro V5.app/Contents/Resources/sdk/vexv5/libv5rt.a(vex_motor.cpp.obj)
                              build/src/robot-config.o (vex::motor::~motor())
/Applications/VEXcode Pro V5.app/Contents/Resources/sdk/vexv5/libv5rt.a(vex_imu.cpp.obj)
                              build/src/odom/odom.o (vex::inertial::setHeading(double, vex::rotationUnits))
/Applications/VEXcode Pro V5.app/Contents/Resources/sdk/vexv5/libv5rt.a(vex_controller.cpp.obj)
                              build/src/robot-config.o (vex::controller::~controller())
/Applications/VEXcode Pro V5.app/Contents/Resources/sdk/vexv5/libv5rt.a(vex_thread.cpp.obj)
                              build/src/main.o (vex::thread::thread(int (*)()))
/Applications/VEXcode Pro V5.app/Contents/Resources/sdk/vexv5/libv5rt.a(vex_event.cpp.obj)
                              /Applications/VEXcode Pro V5.app/Contents/Resources/sdk/vexv5/libv5rt.a(vex_imu.cpp.obj) (vex::event::init(unsigned long, unsigned long, void (*)()))
/Applications/VEXcode Pro V5.app/Contents/Resources/sdk/vexv5/libv5rt.a(vex_mevent.cpp.obj)
                              /Applications/VEXcode Pro V5.app/Contents/Resources/sdk/vexv5/libv5rt.a(vex_controller.cpp.obj) (vex::mevent::mevent(unsigned long, unsigned long))
/Applications/VEXcode Pro V5.app/Contents/Resources/sdk/vexv5/libv5rt.a(vex_brain.cpp.obj)
                              build/src/main.o (vex::brain::lcd::setCursor(long, long))
/Applications/VEXcode Pro V5.app/Contents/Resources/sdk/vexv5/libv5rt.a(vex_competition.cpp.obj)
                              build/src/main.o (vex::competition::competition())
/Applications/VEXcode Pro V5.app/Contents/Resources/sdk/vexv5/libv5rt.a(vex_triport.cpp.obj)
                              /Applications/VEXcode Pro V5.app/Contents/Resources/sdk/vexv5/libv5rt.a(vex_brain.cpp.obj) (vex::triport::~triport())
/Applications/VEXcode Pro V5.app/Contents/Resources/sdk/vexv5/libv5rt.a(vex_color.cpp.obj)
                              /Applications/VEXcode Pro V5.app/Contents/Resources/sdk/vexv5/libv5rt.a(vex_brain.cpp.obj) (vex::color::operator unsigned long() const)
/Applications/VEXcode Pro V5.app/Contents/Resources/sdk/vexv5/libv5rt.a(vex_timer.cpp.obj)
                              /Applications/VEXcode Pro V5.app/Contents/Resources/sdk/vexv5/libv5rt.a(vex_brain.cpp.obj) (vex::timer::~timer())
/Applications/VEXcode Pro V5.app/Contents/Resources/sdk/vexv5/libv5rt.a(v5_apiuser.c.obj)
                              /Applications/VEXcode Pro V5.app/Contents/Resources/sdk/vexv5/libv5rt.a(vex_triport.cpp.obj) (vexAdiPortConfigSet)
/Applications/VEXcode Pro V5.app/Contents/Resources/sdk/vexv5/libv5rt.a(vex_device.cpp.obj)
                              /Applications/VEXcode Pro V5.app/Contents/Resources/sdk/vexv5/libv5rt.a(vex_motor.cpp.obj) (vex::device::~device())
/Applications/VEXcode Pro V5.app/Contents/Resources/sdk/vexv5/libv5rt.a(vex_task.cpp.obj)
                              /Applications/VEXcode Pro V5.app/Contents/Resources/sdk/vexv5/libv5rt.a(vex_competition.cpp.obj) (vex::task::task(int (*)()))
/Applications/VEXcode Pro V5.app/Contents/Resources/sdk/vexv5/gcc/libs/libc.a(lib_a-aeabi_memmove-soft.o)
                              build/src/auton/auton.o (__aeabi_memmove4)
/Applications/VEXcode Pro V5.app/Contents/Resources/sdk/vexv5/gcc/libs/libc.a(lib_a-fini.o)
                              /Applications/VEXcode Pro V5.app/Contents/Resources/sdk/vexv5/libv5rt.a(v5_startup.c.obj) (__libc_fini_array)
/Applications/VEXcode Pro V5.app/Contents/Resources/sdk/vexv5/gcc/libs/libc.a(lib_a-impure.o)
                              /Applications/VEXcode Pro V5.app/Contents/Resources/sdk/vexv5/libv5rt.a(v5_startup.c.obj) (_impure_ptr)
/Applications/VEXcode Pro V5.app/Contents/Resources/sdk/vexv5/gcc/libs/libc.a(lib_a-init.o)
[...]
Memory Configuration

Name             Origin             Length             Attributes
ps7_ddr_0_S_AXI_BASEADDR 0x0000000003800000 0x0000000004800000
*default*        0x0000000000000000 0xffffffffffffffff

Linker script and memory map

                0x0000000000002000                _STACK_SIZE = DEFINED (_STACK_SIZE)?_STACK_SIZE:0x2000
                0x0000000000100000                _HEAP_SIZE = DEFINED (_HEAP_SIZE)?_HEAP_SIZE:0x100000
                0x0000000000000400                _ABORT_STACK_SIZE = DEFINED (_ABORT_STACK_SIZE)?_ABORT_STACK_SIZE:0x400
                0x0000000000000800                _SUPERVISOR_STACK_SIZE = DEFINED (_SUPERVISOR_STACK_SIZE)?_SUPERVISOR_STACK_SIZE:0x800
                0x0000000000000400                _IRQ_STACK_SIZE = DEFINED (_IRQ_STACK_SIZE)?_IRQ_STACK_SIZE:0x400
                0x0000000000000400                _FIQ_STACK_SIZE = DEFINED (_FIQ_STACK_SIZE)?_FIQ_STACK_SIZE:0x400
                0x0000000000000400                _UNDEF_STACK_SIZE = DEFINED (_UNDEF_STACK_SIZE)?_UNDEF_STACK_SIZE:0x400

.text           0x0000000003800000     0x4998
 *(.vectors)
 *(.boot_data)
 .boot_data     0x0000000003800000       0x20 /Applications/VEXcode Pro V5.app/Contents/Resources/sdk/vexv5/libv5rt.a(v5_startup.c.obj)
                0x0000000003800000                vexCodeSig
                0x0000000000000020                . = 0x20
 *(.boot)
 .boot          0x0000000003800020       0xbc /Applications/VEXcode Pro V5.app/Contents/Resources/sdk/vexv5/libv5rt.a(v5_startup.c.obj)
                0x0000000003800020                vexStartup
                0x0000000003800100                . = ALIGN (0x40)
 *fill*         0x00000000038000dc       0x24 
 *(.freertos_vectors)
 *(.text)
 .text          0x0000000003800100       0x3a /Applications/VEXcode Pro V5.app/Contents/Resources/sdk/vexv5/gcc/libs/libc.a(lib_a-aeabi_memmove-soft.o)
                0x0000000003800100                __aeabi_memmove8
                0x0000000003800100                __aeabi_memmove4
                0x0000000003800100                __aeabi_memmove
 *(.text.*)
 *fill*         0x000000000380013a        0x2 
 .text._ZNSt5queueI5robotSt5dequeIS0_SaIS0_EEED2Ev
                0x000000000380013c        0x4 build/src/main.o
                0x000000000380013c                std::queue<robot, std::deque<robot, std::allocator<robot> > >::~queue()
 .text._Z6recordv
                0x0000000003800140      0x3c0 build/src/main.o
                0x0000000003800140                record()
 .text._Z5shootv
                0x0000000003800500       0x2c build/src/main.o
                0x0000000003800500                shoot()
 .text._Z12drive_motorsN3vex13directionTypeEdd
                0x000000000380052c       0xec build/src/main.o
                0x000000000380052c                drive_motors(vex::directionType, double, double)
 .text._Z4firev
                0x0000000003800618       0x80 build/src/main.o
                0x0000000003800618                fire()
 .text._Z9pre_autonv
                0x0000000003800698       0x38 build/src/main.o
                0x0000000003800698                pre_auton()
 .text._Z10autonomousv
                0x00000000038006d0      0x3d8 build/src/main.o
                0x00000000038006d0                autonomous()
 .text._ZNSt6vectorIdSaIdEEC2ESt16initializer_listIdERKS0_
                0x0000000003800aa8       0x58 build/src/main.o
                0x0000000003800aa8                std::vector<double, std::allocator<double> >::vector(std::initializer_list<double>, std::allocator<double> const&)
 .text._Z11usercontrolv
                0x0000000003800b00      0x308 build/src/main.o
                0x0000000003800b00                usercontrol()
 .text.main     0x0000000003800e08       0x80 build/src/main.o
                0x0000000003800e08                main
 .text._ZNSt11_Deque_baseI5robotSaIS0_EE17_M_initialize_mapEj
                0x0000000003800e88       0xc4 build/src/main.o
                0x0000000003800e88                std::_Deque_base<robot, std::allocator<robot> >::_M_initialize_map(unsigned int)
 .text._ZNSt11_Deque_baseI5robotSaIS0_EED2Ev
                0x0000000003800f4c       0x50 build/src/main.o
                0x0000000003800f4c                std::_Deque_base<robot, std::allocator<robot> >::~_Deque_base()
 .text._ZNSt11_Deque_baseI5robotSaIS0_EEC2EOS2_
                0x0000000003800f9c       0xa4 build/src/main.o
                0x0000000003800f9c                std::_Deque_base<robot, std::allocator<robot> >::_Deque_base(std::_Deque_base<robot, std::allocator<robot> >&&)
 .text._ZNSt12_Vector_baseIdSaIdEE11_M_allocateEj
                0x0000000003801040       0x30 build/src/main.o
                0x0000000003801040                std::_Vector_base<double, std::allocator<double> >::_M_allocate(unsigned int)
 .text._GLOBAL__sub_I_main.cpp
                0x0000000003801070      0x148 build/src/main.o
 .text._Z11vexcodeInitv
                0x00000000038011b8        0x4 build/src/robot-config.o
                0x00000000038011b8                vexcodeInit()
 .text._GLOBAL__sub_I_robot_config.cpp
                0x00000000038011bc      0x320 build/src/robot-config.o
 .text._Z7get_disSt6vectorIdSaIdEES1_
                0x00000000038014dc       0x40 build/src/PurePursuit/PurePursuit.o
                0x00000000038014dc                get_dis(std::vector<double, std::allocator<double> >, std::vector<double, std::allocator<double> >)
 *fill*         0x000000000380151c        0x4 
 .text._Z14BlueMatchAutonv
                0x0000000003801520      0x1e8 build/src/auton/auton.o
                0x0000000003801520                BlueMatchAuton()
 .text._ZNSt5dequeI5robotSaIS0_EE16_M_push_back_auxIJS0_EEEvDpOT_
                0x0000000003801708       0x84 build/src/auton/auton.o
                0x0000000003801708                void std::deque<robot, std::allocator<robot> >::_M_push_back_aux<robot>(robot&&)
 .text._ZNSt5dequeI5robotSaIS0_EE17_M_reallocate_mapEjb
                0x000000000380178c      0x12c build/src/auton/auton.o
                0x000000000380178c                std::deque<robot, std::allocator<robot> >::_M_reallocate_map(unsigned int, bool)
 .text._GLOBAL__sub_I_auton.cpp
                0x00000000038018b8       0xf8 build/src/auton/auton.o
 .text._Z13calcWheelValsddPd
                0x00000000038019b0       0xb0 build/src/odom/odom.o
                0x00000000038019b0                calcWheelVals(double, double, double*)
 .text._Z10initializeddd
                0x0000000003801a60      0x130 build/src/odom/odom.o
                0x0000000003801a60                initialize(double, double, double)
 .text._ZN3PIDC2EPd
                0x0000000003801b90       0x3c build/src/pid/pid.o
                0x0000000003801b90                PID::PID(double*)
                0x0000000003801b90                PID::PID(double*)
 *fill*         0x0000000003801bcc        0x4 
 .text._ZN3PID9get_valueEd
                0x0000000003801bd0       0x78 build/src/pid/pid.o
                0x0000000003801bd0                PID::get_value(double)
 .text._GLOBAL__sub_I_pid.cpp
                0x0000000003801c48       0xac build/src/pid/pid.o
 .text.vexMain  0x0000000003801cf4       0xb0 /Applications/VEXcode Pro V5.app/Contents/Resources/sdk/vexv5/libv5rt.a(v5_startup.c.obj)
                0x0000000003801cf4                vexMain
 .text.__vex_function_prolog
                0x0000000003801da4       0x18 /Applications/VEXcode Pro V5.app/Contents/Resources/sdk/vexv5/libv5rt.a(v5_startup.c.obj)
                0x0000000003801da4                __vex_function_prolog
 .text._init    0x0000000003801dbc        0x4 /Applications/VEXcode Pro V5.app/Contents/Resources/sdk/vexv5/libv5rt.a(v5_startup.c.obj)
                0x0000000003801dbc                _init
 .text._fini    0x0000000003801dc0        0x4 /Applications/VEXcode Pro V5.app/Contents/Resources/sdk/vexv5/libv5rt.a(v5_startup.c.obj)
                0x0000000003801dc0                _fini
 .text.vexStdlibVersionLinked
                0x0000000003801dc4        0xc /Applications/VEXcode Pro V5.app/Contents/Resources/sdk/vexv5/libv5rt.a(v5_util.c.obj)
                0x0000000003801dc4                vexStdlibVersionLinked
 .text.vexStdlibVersionVerify
                0x0000000003801dd0       0x30 /Applications/VEXcode Pro V5.app/Contents/Resources/sdk/vexv5/libv5rt.a(v5_util.c.obj)
                0x0000000003801dd0                vexStdlibVersionVerify
 .text.vexPrivateApiEnable
                0x0000000003801e00       0x10 /Applications/VEXcode Pro V5.app/Contents/Resources/sdk/vexv5/libv5rt.a(v5_apijump.c.obj)
                0x0000000003801e00                vexPrivateApiEnable
 .text.vexStdlibMismatchError
                0x0000000003801e10       0x3c /Applications/VEXcode Pro V5.app/Contents/Resources/sdk/vexv5/libv5rt.a(v5_apijump.c.obj)
                0x0000000003801e10                vexStdlibMismatchError
 .text.vexTaskAdd
                0x0000000003801e4c       0x10 /Applications/VEXcode Pro V5.app/Contents/Resources/sdk/vexv5/libv5rt.a(v5_apijump.c.obj)
                0x0000000003801e4c                vexTaskAdd
 .text.vexTasksRun
                0x0000000003801e5c       0x10 /Applications/VEXcode Pro V5.app/Contents/Resources/sdk/vexv5/libv5rt.a(v5_apijump.c.obj)
                0x0000000003801e5c                vexTasksRun
 .text.vexTaskYield
                0x0000000003801e6c       0x10 /Applications/VEXcode Pro V5.app/Contents/Resources/sdk/vexv5/libv5rt.a(v5_apijump.c.obj)
                0x0000000003801e6c                vexTaskYield
 .text.vexTaskCheckTimeslice
                0x0000000003801e7c       0x10 /Applications/VEXcode Pro V5.app/Contents/Resources/sdk/vexv5/libv5rt.a(v5_apijump.c.obj)
                0x0000000003801e7c                vexTaskCheckTimeslice
 .text.vexTaskSleep
                0x0000000003801e8c       0x10 /Applications/VEXcode Pro V5.app/Contents/Resources/sdk/vexv5/libv5rt.a(v5_apijump.c.obj)
                0x0000000003801e8c                vexTaskSleep
 .text.vexTasksDump
                0x0000000003801e9c       0x1c /Applications/VEXcode Pro V5.app/Contents/Resources/sdk/vexv5/libv5rt.a(v5_apijump.c.obj)
                0x0000000003801e9c                vexTasksDump
 .text.vexTaskGetTaskIndex
                0x0000000003801eb8       0x10 /Applications/VEXcode Pro V5.app/Contents/Resources/sdk/vexv5/libv5rt.a(v5_apijump.c.obj)
                0x0000000003801eb8                vexTaskGetTaskIndex
 .text.vexTaskStopAll
                0x0000000003801ec8       0x10 /Applications/VEXcode Pro V5.app/Contents/Resources/sdk/vexv5/libv5rt.a(v5_apijump.c.obj)
                0x0000000003801ec8                vexTaskStopAll
 .text.vexTaskRemoveAllUser
                0x0000000003801ed8       0x34 /Applications/VEXcode Pro V5.app/Contents/Resources/sdk/vexv5/libv5rt.a(v5_apijump.c.obj)
                0x0000000003801ed8                vexTaskRemoveAllUser
 .text.vexTaskCompletionIdSet
                0x0000000003801f0c       0x10 /Applications/VEXcode Pro V5.app/Contents/Resources/sdk/vexv5/libv5rt.a(v5_apijump.c.obj)
                0x0000000003801f0c                vexTaskCompletionIdSet
 .text.vexTaskStopWithId
                0x0000000003801f1c       0x10 /Applications/VEXcode Pro V5.app/Contents/Resources/sdk/vexv5/libv5rt.a(v5_apijump.c.obj)
                0x0000000003801f1c                vexTaskStopWithId
 .text.vexTaskWaitForExitWithId
                0x0000000003801f2c       0x4c /Applications/VEXcode Pro V5.app/Contents/Resources/sdk/vexv5/libv5rt.a(v5_apijump.c.obj)
                0x0000000003801f2c                vexTaskWaitForExitWithId
 .text.vexCriticalSection
                0x0000000003801f78       0x2c /Applications/VEXcode Pro V5.app/Contents/Resources/sdk/vexv5/libv5rt.a(v5_apijump.c.obj)
                0x0000000003801f78                vexCriticalSection
 .text.vexEventAdd
                0x0000000003801fa4       0x34 /Applications/VEXcode Pro V5.app/Contents/Resources/sdk/vexv5/libv5rt.a(v5_apijump.c.obj)
                0x0000000003801fa4                vexEventAdd
 .text.vexEventUserIndexGet
                0x0000000003801fd8       0x1c /Applications/VEXcode Pro V5.app/Contents/Resources/sdk/vexv5/libv5rt.a(v5_apijump.c.obj)
                0x0000000003801fd8                vexEventUserIndexGet
 .text.vexEventAddWithArg
                0x0000000003801ff4       0x3c /Applications/VEXcode Pro V5.app/Contents/Resources/sdk/vexv5/libv5rt.a(v5_apijump.c.obj)
                0x0000000003801ff4                vexEventAddWithArg
 .text.vexEventsCleanup
                0x0000000003802030       0x2c /Applications/VEXcode Pro V5.app/Contents/Resources/sdk/vexv5/libv5rt.a(v5_apijump.c.obj)
                0x0000000003802030                vexEventsCleanup
 .text.vexDebug
                0x000000000380205c       0x38 /Applications/VEXcode Pro V5.app/Contents/Resources/sdk/vexv5/libv5rt.a(v5_apijump.c.obj)
                0x000000000380205c                vexDebug
 .text.vex_sprintf
                0x0000000003802094       0x40 /Applications/VEXcode Pro V5.app/Contents/Resources/sdk/vexv5/libv5rt.a(v5_apijump.c.obj)
                0x0000000003802094                vex_sprintf
 .text.vex_vsnprintf
                0x00000000038020d4       0x3c /Applications/VEXcode Pro V5.app/Contents/Resources/sdk/vexv5/libv5rt.a(v5_apijump.c.obj)
                0x00000000038020d4                vex_vsnprintf
 .text.vexSystemTimeGet
                0x0000000003802110       0x1c /Applications/VEXcode Pro V5.app/Contents/Resources/sdk/vexv5/libv5rt.a(v5_apijump.c.obj)
                0x0000000003802110                vexSystemTimeGet
 .text.vexSystemExitRequest
                0x000000000380212c       0x1c /Applications/VEXcode Pro V5.app/Contents/Resources/sdk/vexv5/libv5rt.a(v5_apijump.c.obj)
                0x000000000380212c                vexSystemExitRequest
 .text.vexDeviceGetByIndex
                0x0000000003802148       0x24 /Applications/VEXcode Pro V5.app/Contents/Resources/sdk/vexv5/libv5rt.a(v5_apijump.c.obj)
                0x0000000003802148                vexDeviceGetByIndex
 .text.vexControllerGet
                0x000000000380216c       0x2c /Applications/VEXcode Pro V5.app/Contents/Resources/sdk/vexv5/libv5rt.a(v5_apijump.c.obj)
                0x000000000380216c                vexControllerGet
 .text.vexControllerTextSet
                0x0000000003802198       0x74 /Applications/VEXcode Pro V5.app/Contents/Resources/sdk/vexv5/libv5rt.a(v5_apijump.c.obj)
                0x0000000003802198                vexControllerTextSet
 .text.vexDeviceAdiPortConfigSet
                0x000000000380220c       0x34 /Applications/VEXcode Pro V5.app/Contents/Resources/sdk/vexv5/libv5rt.a(v5_apijump.c.obj)
                0x000000000380220c                vexDeviceAdiPortConfigSet
 .text.vexDeviceAdiPortConfigGet
                0x0000000003802240       0x2c /Applications/VEXcode Pro V5.app/Contents/Resources/sdk/vexv5/libv5rt.a(v5_apijump.c.obj)
                0x0000000003802240                vexDeviceAdiPortConfigGet
 .text.vexDeviceAdiValueSet
                0x000000000380226c       0x34 /Applications/VEXcode Pro V5.app/Contents/Resources/sdk/vexv5/libv5rt.a(v5_apijump.c.obj)
                0x000000000380226c                vexDeviceAdiValueSet
 .text.vexDeviceAdiValueGet
                0x00000000038022a0       0x2c /Applications/VEXcode Pro V5.app/Contents/Resources/sdk/vexv5/libv5rt.a(v5_apijump.c.obj)
                0x00000000038022a0                vexDeviceAdiValueGet
 .text.vexDeviceMotorVelocitySet
                0x00000000038022cc       0x2c /Applications/VEXcode Pro V5.app/Contents/Resources/sdk/vexv5/libv5rt.a(v5_apijump.c.obj)
                0x00000000038022cc                vexDeviceMotorVelocitySet
 .text.vexDeviceMotorVoltageSet
                0x00000000038022f8       0x2c /Applications/VEXcode Pro V5.app/Contents/Resources/sdk/vexv5/libv5rt.a(v5_apijump.c.obj)
                0x00000000038022f8                vexDeviceMotorVoltageSet
 .text.vexDeviceMotorVelocityGet
                0x0000000003802324       0x24 /Applications/VEXcode Pro V5.app/Contents/Resources/sdk/vexv5/libv5rt.a(v5_apijump.c.obj)
                0x0000000003802324                vexDeviceMotorVelocityGet
 .text.vexDeviceMotorActualVelocityGet
                0x0000000003802348       0x24 /Applications/VEXcode Pro V5.app/Contents/Resources/sdk/vexv5/libv5rt.a(v5_apijump.c.obj)
                0x0000000003802348                vexDeviceMotorActualVelocityGet
 .text.vexDeviceMotorModeGet
                0x000000000380236c       0x24 /Applications/VEXcode Pro V5.app/Contents/Resources/sdk/vexv5/libv5rt.a(v5_apijump.c.obj)
                0x000000000380236c                vexDeviceMotorModeGet
 .text.vexDeviceMotorZeroPositionFlagGet
                0x0000000003802390       0x24 /Applications/VEXcode Pro V5.app/Contents/Resources/sdk/vexv5/libv5rt.a(v5_apijump.c.obj)
                0x0000000003802390                vexDeviceMotorZeroPositionFlagGet
 .text.vexDeviceMotorReverseFlagSet
                0x00000000038023b4       0x2c /Applications/VEXcode Pro V5.app/Contents/Resources/sdk/vexv5/libv5rt.a(v5_apijump.c.obj)
                0x00000000038023b4                vexDeviceMotorReverseFlagSet
 .text.vexDeviceMotorEncoderUnitsSet
                0x00000000038023e0       0x2c /Applications/VEXcode Pro V5.app/Contents/Resources/sdk/vexv5/libv5rt.a(v5_apijump.c.obj)
                0x00000000038023e0                vexDeviceMotorEncoderUnitsSet
 .text.vexDeviceMotorBrakeModeSet
                0x000000000380240c       0x2c /Applications/VEXcode Pro V5.app/Contents/Resources/sdk/vexv5/libv5rt.a(v5_apijump.c.obj)
                0x000000000380240c                vexDeviceMotorBrakeModeSet
 .text.vexDeviceMotorPositionSet
                0x0000000003802438       0x34 /Applications/VEXcode Pro V5.app/Contents/Resources/sdk/vexv5/libv5rt.a(v5_apijump.c.obj)
                0x0000000003802438                vexDeviceMotorPositionSet
 .text.vexDeviceMotorRelativeTargetSet
                0x000000000380246c       0x3c /Applications/VEXcode Pro V5.app/Contents/Resources/sdk/vexv5/libv5rt.a(v5_apijump.c.obj)
                0x000000000380246c                vexDeviceMotorRelativeTargetSet
 .text.vexDeviceMotorGearingSet
                0x00000000038024a8       0x2c /Applications/VEXcode Pro V5.app/Contents/Resources/sdk/vexv5/libv5rt.a(v5_apijump.c.obj)
                0x00000000038024a8                vexDeviceMotorGearingSet
 .text.vexDeviceMotorGearingGet
                0x00000000038024d4       0x24 /Applications/VEXcode Pro V5.app/Contents/Resources/sdk/vexv5/libv5rt.a(v5_apijump.c.obj)
                0x00000000038024d4                vexDeviceMotorGearingGet
 .text.vexDeviceImuReset
                0x00000000038024f8       0x24 /Applications/VEXcode Pro V5.app/Contents/Resources/sdk/vexv5/libv5rt.a(v5_apijump.c.obj)
                0x00000000038024f8                vexDeviceImuReset
 .text.vexDeviceImuHeadingGet
                0x000000000380251c       0x24 /Applications/VEXcode Pro V5.app/Contents/Resources/sdk/vexv5/libv5rt.a(v5_apijump.c.obj)
                0x000000000380251c                vexDeviceImuHeadingGet
 .text.vexDeviceImuDegreesGet
                0x0000000003802540       0x24 /Applications/VEXcode Pro V5.app/Contents/Resources/sdk/vexv5/libv5rt.a(v5_apijump.c.obj)
                0x0000000003802540                vexDeviceImuDegreesGet
 .text.vexDeviceImuStatusGet
                0x0000000003802564       0x24 /Applications/VEXcode Pro V5.app/Contents/Resources/sdk/vexv5/libv5rt.a(v5_apijump.c.obj)
                0x0000000003802564                vexDeviceImuStatusGet
 .text.vexDisplayForegroundColor
                0x0000000003802588       0x24 /Applications/VEXcode Pro V5.app/Contents/Resources/sdk/vexv5/libv5rt.a(v5_apijump.c.obj)
                0x0000000003802588                vexDisplayForegroundColor
 .text.vexDisplayBackgroundColor
                0x00000000038025ac       0x24 /Applications/VEXcode Pro V5.app/Contents/Resources/sdk/vexv5/libv5rt.a(v5_apijump.c.obj)
                0x00000000038025ac                vexDisplayBackgroundColor
 .text.vexDisplayBackgroundColorGet
                0x00000000038025d0       0x1c /Applications/VEXcode Pro V5.app/Contents/Resources/sdk/vexv5/libv5rt.a(v5_apijump.c.obj)
                0x00000000038025d0                vexDisplayBackgroundColorGet
 .text.vexDisplayRectClear
                0x00000000038025ec       0x4c /Applications/VEXcode Pro V5.app/Contents/Resources/sdk/vexv5/libv5rt.a(v5_apijump.c.obj)
                0x00000000038025ec                vexDisplayRectClear
 .text.vexDisplayVPrintf
                0x0000000003802638       0x50 /Applications/VEXcode Pro V5.app/Contents/Resources/sdk/vexv5/libv5rt.a(v5_apijump.c.obj)
                0x0000000003802638                vexDisplayVPrintf
 .text.vexDisplayTextReference
                0x0000000003802688       0x24 /Applications/VEXcode Pro V5.app/Contents/Resources/sdk/vexv5/libv5rt.a(v5_apijump.c.obj)
                0x0000000003802688                vexDisplayTextReference
 .text.vexDisplayTextSize
                0x00000000038026ac       0x2c /Applications/VEXcode Pro V5.app/Contents/Resources/sdk/vexv5/libv5rt.a(v5_apijump.c.obj)
                0x00000000038026ac                vexDisplayTextSize
 .text.vexDisplayFontNamedSet
                0x00000000038026d8       0x24 /Applications/VEXcode Pro V5.app/Contents/Resources/sdk/vexv5/libv5rt.a(v5_apijump.c.obj)
                0x00000000038026d8                vexDisplayFontNamedSet
 .text.vexDisplayStringWidthGet
                0x00000000038026fc       0x24 /Applications/VEXcode Pro V5.app/Contents/Resources/sdk/vexv5/libv5rt.a(v5_apijump.c.obj)
                0x00000000038026fc                vexDisplayStringWidthGet
 .text.vexSystemStdlibImpureDataAddr
                0x0000000003802720       0x28 /Applications/VEXcode Pro V5.app/Contents/Resources/sdk/vexv5/libv5rt.a(v5_apijump.c.obj)
                0x0000000003802720                vexSystemStdlibImpureDataAddr
 .text.vexSystemStdlibImpureDataSize
                0x0000000003802748       0x28 /Applications/VEXcode Pro V5.app/Contents/Resources/sdk/vexv5/libv5rt.a(v5_apijump.c.obj)
                0x0000000003802748                vexSystemStdlibImpureDataSize
 .text.vexSystemSaveUserData
                0x0000000003802770       0x3c /Applications/VEXcode Pro V5.app/Contents/Resources/sdk/vexv5/libv5rt.a(v5_apijump.c.obj)
                0x0000000003802770                vexSystemSaveUserData
 .text.vexDisplayThemeIdGet
                0x00000000038027ac       0x38 /Applications/VEXcode Pro V5.app/Contents/Resources/sdk/vexv5/libv5rt.a(v5_apijump.c.obj)
                0x00000000038027ac                vexDisplayThemeIdGet
 .text.vexDeviceEventMaskSet
                0x00000000038027e4       0x48 /Applications/VEXcode Pro V5.app/Contents/Resources/sdk/vexv5/libv5rt.a(v5_apijump.c.obj)
                0x00000000038027e4                vexDeviceEventMaskSet
 .text.vexDeviceEventMaskGet
                0x000000000380282c       0x3c /Applications/VEXcode Pro V5.app/Contents/Resources/sdk/vexv5/libv5rt.a(v5_apijump.c.obj)
                0x000000000380282c                vexDeviceEventMaskGet
 .text.vexSystemVersion
                0x0000000003802868       0x10 /Applications/VEXcode Pro V5.app/Contents/Resources/sdk/vexv5/libv5rt.a(v5_apiversions.c.obj)
                0x0000000003802868                vexSystemVersion
 .text.vexStdlibVersion
                0x0000000003802878       0x10 /Applications/VEXcode Pro V5.app/Contents/Resources/sdk/vexv5/libv5rt.a(v5_apiversions.c.obj)
                0x0000000003802878                vexStdlibVersion
 .text._ZN3vex4waitEdNS_9timeUnitsE
                0x0000000003802888       0x30 /Applications/VEXcode Pro V5.app/Contents/Resources/sdk/vexv5/libv5rt.a(vex_global.cpp.obj)
                0x0000000003802888                vex::wait(double, vex::timeUnits)
 .text._ZN3vex5motorD2Ev
                0x00000000038028b8       0x20 /Applications/VEXcode Pro V5.app/Contents/Resources/sdk/vexv5/libv5rt.a(vex_motor.cpp.obj)
                0x00000000038028b8                vex::motor::~motor()
                0x00000000038028b8                vex::motor::~motor()
 .text._ZN3vex5motorD0Ev
                0x00000000038028d8       0x1c /Applications/VEXcode Pro V5.app/Contents/Resources/sdk/vexv5/libv5rt.a(vex_motor.cpp.obj)
                0x00000000038028d8                vex::motor::~motor()
 .text._ZN3vex5motor9installedEv
                0x00000000038028f4       0x18 /Applications/VEXcode Pro V5.app/Contents/Resources/sdk/vexv5/libv5rt.a(vex_motor.cpp.obj)
                0x00000000038028f4                vex::motor::installed()
 .text._ZN3vex5motor15defaultStoppingENS_9brakeTypeE
                0x000000000380290c       0x30 /Applications/VEXcode Pro V5.app/Contents/Resources/sdk/vexv5/libv5rt.a(vex_motor.cpp.obj)
                0x000000000380290c                vex::motor::defaultStopping(vex::brakeType)
 .text._ZN3vex5motor11setStoppingENS_9brakeTypeE
                0x000000000380293c        0x4 /Applications/VEXcode Pro V5.app/Contents/Resources/sdk/vexv5/libv5rt.a(vex_motor.cpp.obj)
                0x000000000380293c                vex::motor::setStopping(vex::brakeType)
 .text._ZN3vex5motorC2El
                0x0000000003802940       0x78 /Applications/VEXcode Pro V5.app/Contents/Resources/sdk/vexv5/libv5rt.a(vex_motor.cpp.obj)
                0x0000000003802940                vex::motor::motor(long)
                0x0000000003802940                vex::motor::motor(long)
 .text._ZN3vex5motorC2ElNS_11gearSettingEb
                0x00000000038029b8       0x34 /Applications/VEXcode Pro V5.app/Contents/Resources/sdk/vexv5/libv5rt.a(vex_motor.cpp.obj)
                0x00000000038029b8                vex::motor::motor(long, vex::gearSetting, bool)
                0x00000000038029b8                vex::motor::motor(long, vex::gearSetting, bool)
 *fill*         0x00000000038029ec        0x4 
 .text._ZN3vex5motor4spinENS_13directionTypeEdNS_12voltageUnitsE
                0x00000000038029f0       0x50 /Applications/VEXcode Pro V5.app/Contents/Resources/sdk/vexv5/libv5rt.a(vex_motor.cpp.obj)
                0x00000000038029f0                vex::motor::spin(vex::directionType, double, vex::voltageUnits)
 .text._ZN3vex5motor14isSpinningModeEv
                0x0000000003802a40       0x48 /Applications/VEXcode Pro V5.app/Contents/Resources/sdk/vexv5/libv5rt.a(vex_motor.cpp.obj)
                0x0000000003802a40                vex::motor::isSpinningMode()
 .text._ZN3vex5motor4stopENS_9brakeTypeE
                0x0000000003802a88       0x30 /Applications/VEXcode Pro V5.app/Contents/Resources/sdk/vexv5/libv5rt.a(vex_motor.cpp.obj)
                0x0000000003802a88                vex::motor::stop(vex::brakeType)
 .text._ZN3vex5motor4stopEv
                0x0000000003802ab8        0x8 /Applications/VEXcode Pro V5.app/Contents/Resources/sdk/vexv5/libv5rt.a(vex_motor.cpp.obj)
                0x0000000003802ab8                vex::motor::stop()
 .text._ZN3vex5motor16velocityToScaledEdNS_13velocityUnitsE
                0x0000000003802ac0       0x5c /Applications/VEXcode Pro V5.app/Contents/Resources/sdk/vexv5/libv5rt.a(vex_motor.cpp.obj)
                0x0000000003802ac0                vex::motor::velocityToScaled(double, vex::velocityUnits)
 .text._ZN3vex5motor8velocityENS_13velocityUnitsE
                0x0000000003802b1c       0x30 /Applications/VEXcode Pro V5.app/Contents/Resources/sdk/vexv5/libv5rt.a(vex_motor.cpp.obj)
                0x0000000003802b1c                vex::motor::velocity(vex::velocityUnits)
 .text._ZN3vex5motor5valueEv
                0x0000000003802b4c       0x1c /Applications/VEXcode Pro V5.app/Contents/Resources/sdk/vexv5/libv5rt.a(vex_motor.cpp.obj)
                0x0000000003802b4c                vex::motor::value()
 .text._ZN3vex5motor16scaledToVelocityEdNS_13velocityUnitsE
                0x0000000003802b68       0xa4 /Applications/VEXcode Pro V5.app/Contents/Resources/sdk/vexv5/libv5rt.a(vex_motor.cpp.obj)
                0x0000000003802b68                vex::motor::scaledToVelocity(double, vex::velocityUnits)
 .text._ZN3vex5motor16setRotationUnitsENS_13rotationUnitsE
                0x0000000003802c0c       0x1c /Applications/VEXcode Pro V5.app/Contents/Resources/sdk/vexv5/libv5rt.a(vex_motor.cpp.obj)
                0x0000000003802c0c                vex::motor::setRotationUnits(vex::rotationUnits)
 .text._ZN3vex5motor9rotateForEdNS_13rotationUnitsEdNS_13velocityUnitsEb
                0x0000000003802c28       0xf4 /Applications/VEXcode Pro V5.app/Contents/Resources/sdk/vexv5/libv5rt.a(vex_motor.cpp.obj)
                0x0000000003802c28                vex::motor::rotateFor(double, vex::rotationUnits, double, vex::velocityUnits, bool)
 .text._ZN3vex5motor7spinForENS_13directionTypeEdNS_13rotationUnitsEb
                0x0000000003802d1c       0x3c /Applications/VEXcode Pro V5.app/Contents/Resources/sdk/vexv5/libv5rt.a(vex_motor.cpp.obj)
                0x0000000003802d1c                vex::motor::spinFor(vex::directionType, double, vex::rotationUnits, bool)
 .text._ZN3vex8inertial11getTurnTypeEv
                0x0000000003802d58        0x8 /Applications/VEXcode Pro V5.app/Contents/Resources/sdk/vexv5/libv5rt.a(vex_imu.cpp.obj)
                0x0000000003802d58                vex::inertial::getTurnType()
 .text._ZThn16_N3vex8inertial11getTurnTypeEv
                0x0000000003802d60        0x8 /Applications/VEXcode Pro V5.app/Contents/Resources/sdk/vexv5/libv5rt.a(vex_imu.cpp.obj)
                0x0000000003802d60                non-virtual thunk to vex::inertial::getTurnType()
 .text._ZN3vex8inertial10setHeadingEdNS_13rotationUnitsE
                0x0000000003802d68       0x58 /Applications/VEXcode Pro V5.app/Contents/Resources/sdk/vexv5/libv5rt.a(vex_imu.cpp.obj)
                0x0000000003802d68                vex::inertial::setHeading(double, vex::rotationUnits)
 .text._ZThn16_N3vex8inertial10setHeadingEdNS_13rotationUnitsE
                0x0000000003802dc0        0x8 /Applications/VEXcode Pro V5.app/Contents/Resources/sdk/vexv5/libv5rt.a(vex_imu.cpp.obj)
                0x0000000003802dc0                non-virtual thunk to vex::inertial::setHeading(double, vex::rotationUnits)
 .text._ZN3vex8inertial11setRotationEdNS_13rotationUnitsE
                0x0000000003802dc8       0x58 /Applications/VEXcode Pro V5.app/Contents/Resources/sdk/vexv5/libv5rt.a(vex_imu.cpp.obj)
                0x0000000003802dc8                vex::inertial::setRotation(double, vex::rotationUnits)
 .text._ZThn16_N3vex8inertial11setRotationEdNS_13rotationUnitsE
                0x0000000003802e20        0x8 /Applications/VEXcode Pro V5.app/Contents/Resources/sdk/vexv5/libv5rt.a(vex_imu.cpp.obj)
                0x0000000003802e20                non-virtual thunk to vex::inertial::setRotation(double, vex::rotationUnits)
 .text._ZN3vex8inertialD2Ev
                0x0000000003802e28       0x20 /Applications/VEXcode Pro V5.app/Contents/Resources/sdk/vexv5/libv5rt.a(vex_imu.cpp.obj)
                0x0000000003802e28                vex::inertial::~inertial()
                0x0000000003802e28                vex::inertial::~inertial()
 .text._ZThn16_N3vex8inertialD1Ev
                0x0000000003802e48        0x8 /Applications/VEXcode Pro V5.app/Contents/Resources/sdk/vexv5/libv5rt.a(vex_imu.cpp.obj)
                0x0000000003802e48                non-virtual thunk to vex::inertial::~inertial()
 .text._ZN3vex8inertialD0Ev
                0x0000000003802e50       0x1c /Applications/VEXcode Pro V5.app/Contents/Resources/sdk/vexv5/libv5rt.a(vex_imu.cpp.obj)
                0x0000000003802e50                vex::inertial::~inertial()
 .text._ZThn16_N3vex8inertialD0Ev
                0x0000000003802e6c        0x8 /Applications/VEXcode Pro V5.app/Contents/Resources/sdk/vexv5/libv5rt.a(vex_imu.cpp.obj)
                0x0000000003802e6c                non-virtual thunk to vex::inertial::~inertial()
 .text._ZN3vex8inertial9installedEv
                0x0000000003802e74       0x18 /Applications/VEXcode Pro V5.app/Contents/Resources/sdk/vexv5/libv5rt.a(vex_imu.cpp.obj)
                0x0000000003802e74                vex::inertial::installed()
 .text._ZN3vex8inertial5angleENS_13rotationUnitsE
                0x0000000003802e8c       0x6c /Applications/VEXcode Pro V5.app/Contents/Resources/sdk/vexv5/libv5rt.a(vex_imu.cpp.obj)
                0x0000000003802e8c                vex::inertial::angle(vex::rotationUnits)
 .text._ZThn16_N3vex8inertial5angleENS_13rotationUnitsE
                0x0000000003802ef8        0x8 /Applications/VEXcode Pro V5.app/Contents/Resources/sdk/vexv5/libv5rt.a(vex_imu.cpp.obj)
                0x0000000003802ef8                non-virtual thunk to vex::inertial::angle(vex::rotationUnits)
 .text._ZN3vex8inertial7headingENS_13rotationUnitsE
                0x0000000003802f00        0x4 /Applications/VEXcode Pro V5.app/Contents/Resources/sdk/vexv5/libv5rt.a(vex_imu.cpp.obj)
                0x0000000003802f00                vex::inertial::heading(vex::rotationUnits)
 .text._ZThn16_N3vex8inertial7headingENS_13rotationUnitsE
                0x0000000003802f04        0x8 /Applications/VEXcode Pro V5.app/Contents/Resources/sdk/vexv5/libv5rt.a(vex_imu.cpp.obj)
                0x0000000003802f04                non-virtual thunk to vex::inertial::heading(vex::rotationUnits)
 .text._ZN3vex8inertial5valueEv
                0x0000000003802f0c       0x1c /Applications/VEXcode Pro V5.app/Contents/Resources/sdk/vexv5/libv5rt.a(vex_imu.cpp.obj)
                0x0000000003802f0c                vex::inertial::value()
 .text._ZN3vex8inertial8rotationENS_13rotationUnitsE
                0x0000000003802f28       0x48 /Applications/VEXcode Pro V5.app/Contents/Resources/sdk/vexv5/libv5rt.a(vex_imu.cpp.obj)
                0x0000000003802f28                vex::inertial::rotation(vex::rotationUnits)
 .text._ZThn16_N3vex8inertial8rotationENS_13rotationUnitsE
                0x0000000003802f70        0x8 /Applications/VEXcode Pro V5.app/Contents/Resources/sdk/vexv5/libv5rt.a(vex_imu.cpp.obj)
                0x0000000003802f70                non-virtual thunk to vex::inertial::rotation(vex::rotationUnits)
 .text._ZN3vex8inertial13isCalibratingEv
                0x0000000003802f78       0x38 /Applications/VEXcode Pro V5.app/Contents/Resources/sdk/vexv5/libv5rt.a(vex_imu.cpp.obj)
                0x0000000003802f78                vex::inertial::isCalibrating()
 .text._ZThn16_N3vex8inertial13isCalibratingEv
                0x0000000003802fb0        0x8 /Applications/VEXcode Pro V5.app/Contents/Resources/sdk/vexv5/libv5rt.a(vex_imu.cpp.obj)
                0x0000000003802fb0                non-virtual thunk to vex::inertial::isCalibrating()
 .text._ZN3vex8inertialC2ElNS_8turnTypeE
                0x0000000003802fb8       0x4c /Applications/VEXcode Pro V5.app/Contents/Resources/sdk/vexv5/libv5rt.a(vex_imu.cpp.obj)
                0x0000000003802fb8                vex::inertial::inertial(long, vex::turnType)
                0x0000000003802fb8                vex::inertial::inertial(long, vex::turnType)
 .text._ZN3vex8inertial16startCalibrationEl
                0x0000000003803004       0x20 /Applications/VEXcode Pro V5.app/Contents/Resources/sdk/vexv5/libv5rt.a(vex_imu.cpp.obj)
                0x0000000003803004                vex::inertial::startCalibration(long)
 .text._ZN3vex8inertial9calibrateEl
                0x0000000003803024        0xc /Applications/VEXcode Pro V5.app/Contents/Resources/sdk/vexv5/libv5rt.a(vex_imu.cpp.obj)
                0x0000000003803024                vex::inertial::calibrate(long)
                0x0000000003803028                non-virtual thunk to vex::inertial::calibrate(long)
 .text._ZN3vex10controllerD2Ev
                0x0000000003803030        0x4 /Applications/VEXcode Pro V5.app/Contents/Resources/sdk/vexv5/libv5rt.a(vex_controller.cpp.obj)
                0x0000000003803030                vex::controller::~controller()
                0x0000000003803030                vex::controller::~controller()
 .text._ZN3vex10controller5valueE19_V5_ControllerIndex
                0x0000000003803034        0x8 /Applications/VEXcode Pro V5.app/Contents/Resources/sdk/vexv5/libv5rt.a(vex_controller.cpp.obj)
                0x0000000003803034                vex::controller::value(_V5_ControllerIndex)
 .text._ZNK3vex10controller6button8pressingEv
                0x000000000380303c       0xc8 /Applications/VEXcode Pro V5.app/Contents/Resources/sdk/vexv5/libv5rt.a(vex_controller.cpp.obj)
                0x000000000380303c                vex::controller::button::pressing() const
 .text._ZNK3vex10controller6button7pressedEPFvvE
                0x0000000003803104      0x108 /Applications/VEXcode Pro V5.app/Contents/Resources/sdk/vexv5/libv5rt.a(vex_controller.cpp.obj)
                0x0000000003803104                vex::controller::button::pressed(void (*)()) const
 .text._ZNK3vex10controller6button21_buttonToPressedEventEv
                0x000000000380320c       0x20 /Applications/VEXcode Pro V5.app/Contents/Resources/sdk/vexv5/libv5rt.a(vex_controller.cpp.obj)
                0x000000000380320c                vex::controller::button::_buttonToPressedEvent() const
 .text._ZNK3vex10controller6button22_buttonToReleasedEventEv
                0x000000000380322c       0x20 /Applications/VEXcode Pro V5.app/Contents/Resources/sdk/vexv5/libv5rt.a(vex_controller.cpp.obj)
                0x000000000380322c                vex::controller::button::_buttonToReleasedEvent() const
 .text._ZN3vex10controller6buttonC2ENS0_11tButtonTypeEPS0_
                0x000000000380324c       0x48 /Applications/VEXcode Pro V5.app/Contents/Resources/sdk/vexv5/libv5rt.a(vex_controller.cpp.obj)
                0x000000000380324c                vex::controller::button::button(vex::controller::tButtonType, vex::controller*)
                0x000000000380324c                vex::controller::button::button(vex::controller::tButtonType, vex::controller*)
 .text._ZNK3vex10controller4axis5valueEv
                0x0000000003803294       0x58 /Applications/VEXcode Pro V5.app/Contents/Resources/sdk/vexv5/libv5rt.a(vex_controller.cpp.obj)
                0x0000000003803294                vex::controller::axis::value() const
 .text._ZNK3vex10controller4axis8positionENS_12percentUnitsE
                0x00000000038032ec       0x1c /Applications/VEXcode Pro V5.app/Contents/Resources/sdk/vexv5/libv5rt.a(vex_controller.cpp.obj)
                0x00000000038032ec                vex::controller::axis::position(vex::percentUnits) const
 .text._ZNK3vex10controller4axis23_joystickToChangedEventEv
                0x0000000003803308       0x20 /Applications/VEXcode Pro V5.app/Contents/Resources/sdk/vexv5/libv5rt.a(vex_controller.cpp.obj)
                0x0000000003803308                vex::controller::axis::_joystickToChangedEvent() const
 .text._ZN3vex10controller4axisC2ENS0_9tAxisTypeEPS0_
                0x0000000003803328       0x2c /Applications/VEXcode Pro V5.app/Contents/Resources/sdk/vexv5/libv5rt.a(vex_controller.cpp.obj)
                0x0000000003803328                vex::controller::axis::axis(vex::controller::tAxisType, vex::controller*)
                0x0000000003803328                vex::controller::axis::axis(vex::controller::tAxisType, vex::controller*)
 .text._ZN3vex10controllerC2ENS_14controllerTypeE
                0x0000000003803354      0x16c /Applications/VEXcode Pro V5.app/Contents/Resources/sdk/vexv5/libv5rt.a(vex_controller.cpp.obj)
                0x0000000003803354                vex::controller::controller(vex::controllerType)
                0x0000000003803354                vex::controller::controller(vex::controllerType)
 .text._ZN3vex10controller3lcd15getControllerIdEv
                0x00000000038034c0       0x10 /Applications/VEXcode Pro V5.app/Contents/Resources/sdk/vexv5/libv5rt.a(vex_controller.cpp.obj)
                0x00000000038034c0                vex::controller::lcd::getControllerId()
 .text._ZN3vex10controller3lcd5printEPKcz
                0x00000000038034d0       0x80 /Applications/VEXcode Pro V5.app/Contents/Resources/sdk/vexv5/libv5rt.a(vex_controller.cpp.obj)
                0x00000000038034d0                vex::controller::lcd::print(char const*, ...)
 .text._ZN3vex10controller3lcd9clearLineEi
                0x0000000003803550       0x80 /Applications/VEXcode Pro V5.app/Contents/Resources/sdk/vexv5/libv5rt.a(vex_controller.cpp.obj)
                0x0000000003803550                vex::controller::lcd::clearLine(int)
 .text._ZN3vex10controller3lcd11clearScreenEv
                0x00000000038035d0       0x5c /Applications/VEXcode Pro V5.app/Contents/Resources/sdk/vexv5/libv5rt.a(vex_controller.cpp.obj)
                0x00000000038035d0                vex::controller::lcd::clearScreen()
 .text._ZN3vex10controller3lcd7newLineEv
                0x000000000380362c       0x20 /Applications/VEXcode Pro V5.app/Contents/Resources/sdk/vexv5/libv5rt.a(vex_controller.cpp.obj)
                0x000000000380362c                vex::controller::lcd::newLine()
 .text._ZN3vex6threadC2EPFivE
                0x000000000380364c       0x5c /Applications/VEXcode Pro V5.app/Contents/Resources/sdk/vexv5/libv5rt.a(vex_thread.cpp.obj)
                0x000000000380364c                vex::thread::thread(int (*)())
                0x000000000380364c                vex::thread::thread(int (*)())
 .text._ZN3vex6thread4joinEv
                0x00000000038036a8        0x8 /Applications/VEXcode Pro V5.app/Contents/Resources/sdk/vexv5/libv5rt.a(vex_thread.cpp.obj)
                0x00000000038036a8                vex::thread::join()
 .text._ZN3vex11this_thread9sleep_forEm
                0x00000000038036b0        0x4 /Applications/VEXcode Pro V5.app/Contents/Resources/sdk/vexv5/libv5rt.a(vex_thread.cpp.obj)
                0x00000000038036b0                vex::this_thread::sleep_for(unsigned long)
 .text._ZN3vex5event4initEmmPFvvE
                0x00000000038036b4        0x4 /Applications/VEXcode Pro V5.app/Contents/Resources/sdk/vexv5/libv5rt.a(vex_event.cpp.obj)
                0x00000000038036b4                vex::event::init(unsigned long, unsigned long, void (*)())
 .text._ZN3vex5event4initEmmPFvPvES1_
                0x00000000038036b8        0x4 /Applications/VEXcode Pro V5.app/Contents/Resources/sdk/vexv5/libv5rt.a(vex_event.cpp.obj)
                0x00000000038036b8                vex::event::init(unsigned long, unsigned long, void (*)(void*), void*)
 .text._ZN3vex5event9userindexEv
                0x00000000038036bc        0x4 /Applications/VEXcode Pro V5.app/Contents/Resources/sdk/vexv5/libv5rt.a(vex_event.cpp.obj)
                0x00000000038036bc                vex::event::userindex()
 .text._ZZN3vex6meventC4EmmENUlvE_4_FUNEv
                0x00000000038036c0        0x4 /Applications/VEXcode Pro V5.app/Contents/Resources/sdk/vexv5/libv5rt.a(vex_mevent.cpp.obj)
 .text._ZN3vex6meventC2Emm
                0x00000000038036c4       0x70 /Applications/VEXcode Pro V5.app/Contents/Resources/sdk/vexv5/libv5rt.a(vex_mevent.cpp.obj)
                0x00000000038036c4                vex::mevent::mevent(unsigned long, unsigned long)
                0x00000000038036c4                vex::mevent::mevent(unsigned long, unsigned long)
 .text._ZN3vex5brain9_getIndexEv
                0x0000000003803734       0x10 /Applications/VEXcode Pro V5.app/Contents/Resources/sdk/vexv5/libv5rt.a(vex_brain.cpp.obj)
                0x0000000003803734                vex::brain::_getIndex()
 .text._ZN3vex5brain3lcd9setCursorEll
                0x0000000003803744       0x44 /Applications/VEXcode Pro V5.app/Contents/Resources/sdk/vexv5/libv5rt.a(vex_brain.cpp.obj)
                0x0000000003803744                vex::brain::lcd::setCursor(long, long)
 .text._ZN3vex5brain3lcd7setFontENS_8fontTypeE
                0x0000000003803788      0x23c /Applications/VEXcode Pro V5.app/Contents/Resources/sdk/vexv5/libv5rt.a(vex_brain.cpp.obj)
                0x0000000003803788                vex::brain::lcd::setFont(vex::fontType)
 .text._ZN3vex5brain3lcdC2Ev
                0x00000000038039c4       0x94 /Applications/VEXcode Pro V5.app/Contents/Resources/sdk/vexv5/libv5rt.a(vex_brain.cpp.obj)
                0x00000000038039c4                vex::brain::lcd::lcd()
                0x00000000038039c4                vex::brain::lcd::lcd()
 .text._ZN3vex5brainC2Ev
                0x0000000003803a58       0x3c /Applications/VEXcode Pro V5.app/Contents/Resources/sdk/vexv5/libv5rt.a(vex_brain.cpp.obj)
                0x0000000003803a58                vex::brain::brain()
                0x0000000003803a58                vex::brain::brain()
 .text._ZN3vex5brain3lcd12_clearScreenEm
                0x0000000003803a94       0x38 /Applications/VEXcode Pro V5.app/Contents/Resources/sdk/vexv5/libv5rt.a(vex_brain.cpp.obj)
                0x0000000003803a94                vex::brain::lcd::_clearScreen(unsigned long)
 .text._ZN3vex5brain3lcd11clearScreenERKNS_5colorE
                0x0000000003803acc       0x20 /Applications/VEXcode Pro V5.app/Contents/Resources/sdk/vexv5/libv5rt.a(vex_brain.cpp.obj)
                0x0000000003803acc                vex::brain::lcd::clearScreen(vex::color const&)
 .text._ZN3vex5brain3lcd11clearScreenEv
                0x0000000003803aec       0x2c /Applications/VEXcode Pro V5.app/Contents/Resources/sdk/vexv5/libv5rt.a(vex_brain.cpp.obj)
                0x0000000003803aec                vex::brain::lcd::clearScreen()
 .text._ZN3vex5brain3lcd7newLineEv
                0x0000000003803b18       0x20 /Applications/VEXcode Pro V5.app/Contents/Resources/sdk/vexv5/libv5rt.a(vex_brain.cpp.obj)
                0x0000000003803b18                vex::brain::lcd::newLine()
 .text._ZN3vex5brain3lcd10rowToPixelEl
                0x0000000003803b38       0x34 /Applications/VEXcode Pro V5.app/Contents/Resources/sdk/vexv5/libv5rt.a(vex_brain.cpp.obj)
                0x0000000003803b38                vex::brain::lcd::rowToPixel(long)
 .text._ZN3vex5brain3lcd5printEPKcz
                0x0000000003803b6c       0xb8 /Applications/VEXcode Pro V5.app/Contents/Resources/sdk/vexv5/libv5rt.a(vex_brain.cpp.obj)
                0x0000000003803b6c                vex::brain::lcd::print(char const*, ...)
 .text._ZN3vex5brainD2Ev
                0x0000000003803c24       0x20 /Applications/VEXcode Pro V5.app/Contents/Resources/sdk/vexv5/libv5rt.a(vex_brain.cpp.obj)
                0x0000000003803c24                vex::brain::~brain()
                0x0000000003803c24                vex::brain::~brain()
 .text._ZN3vex11competition8_disableEPv
                0x0000000003803c44       0xa4 /Applications/VEXcode Pro V5.app/Contents/Resources/sdk/vexv5/libv5rt.a(vex_competition.cpp.obj)
                0x0000000003803c44                vex::competition::_disable(void*)
 .text._ZN3vex11competition11_autonomousEv
                0x0000000003803ce8       0x80 /Applications/VEXcode Pro V5.app/Contents/Resources/sdk/vexv5/libv5rt.a(vex_competition.cpp.obj)
                0x0000000003803ce8                vex::competition::_autonomous()
 .text._ZN3vex11competition14_drivercontrolEv
                0x0000000003803d68       0x80 /Applications/VEXcode Pro V5.app/Contents/Resources/sdk/vexv5/libv5rt.a(vex_competition.cpp.obj)
                0x0000000003803d68                vex::competition::_drivercontrol()
 .text._ZN3vex11competitionC2Ev
                0x0000000003803de8      0x13c /Applications/VEXcode Pro V5.app/Contents/Resources/sdk/vexv5/libv5rt.a(vex_competition.cpp.obj)
                0x0000000003803de8                vex::competition::competition()
                0x0000000003803de8                vex::competition::competition()
 .text._ZN3vex11competitionD2Ev
                0x0000000003803f24        0x4 /Applications/VEXcode Pro V5.app/Contents/Resources/sdk/vexv5/libv5rt.a(vex_competition.cpp.obj)
                0x0000000003803f24                vex::competition::~competition()
                0x0000000003803f24                vex::competition::~competition()
 .text._ZN3vex11competition10autonomousEPFvvE
                0x0000000003803f28       0x44 /Applications/VEXcode Pro V5.app/Contents/Resources/sdk/vexv5/libv5rt.a(vex_competition.cpp.obj)
                0x0000000003803f28                vex::competition::autonomous(void (*)())
 .text._ZN3vex11competition13drivercontrolEPFvvE
                0x0000000003803f6c       0x44 /Applications/VEXcode Pro V5.app/Contents/Resources/sdk/vexv5/libv5rt.a(vex_competition.cpp.obj)
                0x0000000003803f6c                vex::competition::drivercontrol(void (*)())
 .text._ZN3vex7triportD2Ev
                0x0000000003803fb0       0x38 /Applications/VEXcode Pro V5.app/Contents/Resources/sdk/vexv5/libv5rt.a(vex_triport.cpp.obj)
                0x0000000003803fb0                vex::triport::~triport()
                0x0000000003803fb0                vex::triport::~triport()
 .text._ZN3vex7triportD0Ev
                0x0000000003803fe8       0x1c /Applications/VEXcode Pro V5.app/Contents/Resources/sdk/vexv5/libv5rt.a(vex_triport.cpp.obj)
                0x0000000003803fe8                vex::triport::~triport()
 .text._ZN3vex7triport9installedEv
                0x0000000003804004       0x18 /Applications/VEXcode Pro V5.app/Contents/Resources/sdk/vexv5/libv5rt.a(vex_triport.cpp.obj)
                0x0000000003804004                vex::triport::installed()
 .text._ZN3vex7triport4portC2ElPS0_
                0x000000000380401c       0x74 /Applications/VEXcode Pro V5.app/Contents/Resources/sdk/vexv5/libv5rt.a(vex_triport.cpp.obj)
                0x000000000380401c                vex::triport::port::port(long, vex::triport*)
                0x000000000380401c                vex::triport::port::port(long, vex::triport*)
 .text._ZN3vex7triportC2El
                0x0000000003804090       0xf0 /Applications/VEXcode Pro V5.app/Contents/Resources/sdk/vexv5/libv5rt.a(vex_triport.cpp.obj)
                0x0000000003804090                vex::triport::triport(long)
                0x0000000003804090                vex::triport::triport(long)
 .text._ZN3vex7triport4port4typeENS_11triportTypeE
                0x0000000003804180       0x30 /Applications/VEXcode Pro V5.app/Contents/Resources/sdk/vexv5/libv5rt.a(vex_triport.cpp.obj)
                0x0000000003804180                vex::triport::port::type(vex::triportType)
 .text._ZN3vex7triport4port4typeEv
                0x00000000038041b0       0x38 /Applications/VEXcode Pro V5.app/Contents/Resources/sdk/vexv5/libv5rt.a(vex_triport.cpp.obj)
                0x00000000038041b0                vex::triport::port::type()
 .text._ZN3vex7triport4port5valueEv
                0x00000000038041e8       0x14 /Applications/VEXcode Pro V5.app/Contents/Resources/sdk/vexv5/libv5rt.a(vex_triport.cpp.obj)
                0x00000000038041e8                vex::triport::port::value()
 .text._ZN3vex7triport4port5valueEl
                0x00000000038041fc       0x18 /Applications/VEXcode Pro V5.app/Contents/Resources/sdk/vexv5/libv5rt.a(vex_triport.cpp.obj)
                0x00000000038041fc                vex::triport::port::value(long)
 *fill*         0x0000000003804214        0x4 
 .text._ZN3vex7triport4port8rotationENS_13rotationUnitsE
                0x0000000003804218       0x40 /Applications/VEXcode Pro V5.app/Contents/Resources/sdk/vexv5/libv5rt.a(vex_triport.cpp.obj)
                0x0000000003804218                vex::triport::port::rotation(vex::rotationUnits)
 .text._ZN3vex11__trideviceC2ERNS_7triport4portENS_11triportTypeE
                0x0000000003804258       0x5c /Applications/VEXcode Pro V5.app/Contents/Resources/sdk/vexv5/libv5rt.a(vex_triport.cpp.obj)
                0x0000000003804258                vex::__tridevice::__tridevice(vex::triport::port&, vex::triportType)
                0x0000000003804258                vex::__tridevice::__tridevice(vex::triport::port&, vex::triportType)
 .text._ZN3vex5limitC2ERNS_7triport4portE
                0x00000000038042b4       0x28 /Applications/VEXcode Pro V5.app/Contents/Resources/sdk/vexv5/libv5rt.a(vex_triport.cpp.obj)
                0x00000000038042b4                vex::limit::limit(vex::triport::port&)
                0x00000000038042b4                vex::limit::limit(vex::triport::port&)
 .text._ZN3vex5limitD2Ev
                0x00000000038042dc        0x4 /Applications/VEXcode Pro V5.app/Contents/Resources/sdk/vexv5/libv5rt.a(vex_triport.cpp.obj)
                0x00000000038042dc                vex::limit::~limit()
                0x00000000038042dc                vex::limit::~limit()
 .text._ZN3vex5limit5valueEv
                0x00000000038042e0        0x8 /Applications/VEXcode Pro V5.app/Contents/Resources/sdk/vexv5/libv5rt.a(vex_triport.cpp.obj)
                0x00000000038042e0                vex::limit::value()
 .text._ZN3vex11digital_outC2ERNS_7triport4portE
                0x00000000038042e8       0x18 /Applications/VEXcode Pro V5.app/Contents/Resources/sdk/vexv5/libv5rt.a(vex_triport.cpp.obj)
                0x00000000038042e8                vex::digital_out::digital_out(vex::triport::port&)
                0x00000000038042e8                vex::digital_out::digital_out(vex::triport::port&)
 .text._ZN3vex11digital_outD2Ev
                0x0000000003804300        0x4 /Applications/VEXcode Pro V5.app/Contents/Resources/sdk/vexv5/libv5rt.a(vex_triport.cpp.obj)
                0x0000000003804300                vex::digital_out::~digital_out()
                0x0000000003804300                vex::digital_out::~digital_out()
 .text._ZN3vex11digital_out3setEb
                0x0000000003804304        0x8 /Applications/VEXcode Pro V5.app/Contents/Resources/sdk/vexv5/libv5rt.a(vex_triport.cpp.obj)
                0x0000000003804304                vex::digital_out::set(bool)
 .text._ZN3vex7encoderC2ERNS_7triport4portE
                0x000000000380430c       0x20 /Applications/VEXcode Pro V5.app/Contents/Resources/sdk/vexv5/libv5rt.a(vex_triport.cpp.obj)
                0x000000000380430c                vex::encoder::encoder(vex::triport::port&)
                0x000000000380430c                vex::encoder::encoder(vex::triport::port&)
 .text._ZN3vex7encoderD2Ev
                0x000000000380432c        0x4 /Applications/VEXcode Pro V5.app/Contents/Resources/sdk/vexv5/libv5rt.a(vex_triport.cpp.obj)
                0x000000000380432c                vex::encoder::~encoder()
                0x000000000380432c                vex::encoder::~encoder()
 .text._ZN3vex7encoder8rotationENS_13rotationUnitsE
                0x0000000003804330        0x8 /Applications/VEXcode Pro V5.app/Contents/Resources/sdk/vexv5/libv5rt.a(vex_triport.cpp.obj)
                0x0000000003804330                vex::encoder::rotation(vex::rotationUnits)
 .text._ZN3vex5colorD2Ev
                0x0000000003804338        0x4 /Applications/VEXcode Pro V5.app/Contents/Resources/sdk/vexv5/libv5rt.a(vex_color.cpp.obj)
                0x0000000003804338                vex::color::~color()
                0x0000000003804338                vex::color::~color()
 .text._ZNK3vex5colorcvmEv
                0x000000000380433c        0x8 /Applications/VEXcode Pro V5.app/Contents/Resources/sdk/vexv5/libv5rt.a(vex_color.cpp.obj)
                0x000000000380433c                vex::color::operator unsigned long() const
 .text.startup._GLOBAL__sub_I__ZN3vex5color5blackE
                0x0000000003804344      0x164 /Applications/VEXcode Pro V5.app/Contents/Resources/sdk/vexv5/libv5rt.a(vex_color.cpp.obj)
 .text._ZN3vex5timerD2Ev
                0x00000000038044a8        0x4 /Applications/VEXcode Pro V5.app/Contents/Resources/sdk/vexv5/libv5rt.a(vex_timer.cpp.obj)
                0x00000000038044a8                vex::timer::~timer()
                0x00000000038044a8                vex::timer::~timer()
 .text._ZN3vex5timer5clearEv
                0x00000000038044ac       0x1c /Applications/VEXcode Pro V5.app/Contents/Resources/sdk/vexv5/libv5rt.a(vex_timer.cpp.obj)
                0x00000000038044ac                vex::timer::clear()
 .text._ZN3vex5timerC2Ev
                0x00000000038044c8       0x14 /Applications/VEXcode Pro V5.app/Contents/Resources/sdk/vexv5/libv5rt.a(vex_timer.cpp.obj)
                0x00000000038044c8                vex::timer::timer()
                0x00000000038044c8                vex::timer::timer()
 .text.vexAdiPortConfigSet
                0x00000000038044dc       0x28 /Applications/VEXcode Pro V5.app/Contents/Resources/sdk/vexv5/libv5rt.a(v5_apiuser.c.obj)
                0x00000000038044dc                vexAdiPortConfigSet
 .text.vexAdiPortConfigGet
                0x0000000003804504       0x28 /Applications/VEXcode Pro V5.app/Contents/Resources/sdk/vexv5/libv5rt.a(v5_apiuser.c.obj)
                0x0000000003804504                vexAdiPortConfigGet
 .text.vexAdiValueSet
                0x000000000380452c       0x28 /Applications/VEXcode Pro V5.app/Contents/Resources/sdk/vexv5/libv5rt.a(v5_apiuser.c.obj)
                0x000000000380452c                vexAdiValueSet
 .text.vexAdiValueGet
                0x0000000003804554       0x20 /Applications/VEXcode Pro V5.app/Contents/Resources/sdk/vexv5/libv5rt.a(v5_apiuser.c.obj)
                0x0000000003804554                vexAdiValueGet
 .text.vexMotorVelocitySet
                0x0000000003804574       0x20 /Applications/VEXcode Pro V5.app/Contents/Resources/sdk/vexv5/libv5rt.a(v5_apiuser.c.obj)
                0x0000000003804574                vexMotorVelocitySet
 .text.vexMotorVoltageSet
                0x0000000003804594       0x20 /Applications/VEXcode Pro V5.app/Contents/Resources/sdk/vexv5/libv5rt.a(v5_apiuser.c.obj)
                0x0000000003804594                vexMotorVoltageSet
 .text.vexMotorVelocityGet
                0x00000000038045b4       0x18 /Applications/VEXcode Pro V5.app/Contents/Resources/sdk/vexv5/libv5rt.a(v5_apiuser.c.obj)
                0x00000000038045b4                vexMotorVelocityGet
 .text.vexMotorActualVelocityGet
                0x00000000038045cc       0x24 /Applications/VEXcode Pro V5.app/Contents/Resources/sdk/vexv5/libv5rt.a(v5_apiuser.c.obj)
                0x00000000038045cc                vexMotorActualVelocityGet
 .text.vexMotorModeGet
                0x00000000038045f0       0x18 /Applications/VEXcode Pro V5.app/Contents/Resources/sdk/vexv5/libv5rt.a(v5_apiuser.c.obj)
                0x00000000038045f0                vexMotorModeGet
 .text.vexMotorZeroPositionFlagGet
                0x0000000003804608       0x18 /Applications/VEXcode Pro V5.app/Contents/Resources/sdk/vexv5/libv5rt.a(v5_apiuser.c.obj)
                0x0000000003804608                vexMotorZeroPositionFlagGet
 .text.vexMotorReverseFlagSet
                0x0000000003804620       0x20 /Applications/VEXcode Pro V5.app/Contents/Resources/sdk/vexv5/libv5rt.a(v5_apiuser.c.obj)
                0x0000000003804620                vexMotorReverseFlagSet
 .text.vexMotorEncoderUnitsSet
                0x0000000003804640       0x20 /Applications/VEXcode Pro V5.app/Contents/Resources/sdk/vexv5/libv5rt.a(v5_apiuser.c.obj)
                0x0000000003804640                vexMotorEncoderUnitsSet
 .text.vexMotorBrakeModeSet
                0x0000000003804660       0x20 /Applications/VEXcode Pro V5.app/Contents/Resources/sdk/vexv5/libv5rt.a(v5_apiuser.c.obj)
                0x0000000003804660                vexMotorBrakeModeSet
 .text.vexMotorPositionSet
                0x0000000003804680       0x28 /Applications/VEXcode Pro V5.app/Contents/Resources/sdk/vexv5/libv5rt.a(v5_apiuser.c.obj)
                0x0000000003804680                vexMotorPositionSet
 .text.vexMotorRelativeTargetSet
                0x00000000038046a8       0x30 /Applications/VEXcode Pro V5.app/Contents/Resources/sdk/vexv5/libv5rt.a(v5_apiuser.c.obj)
                0x00000000038046a8                vexMotorRelativeTargetSet
 .text.vexMotorGearingSet
                0x00000000038046d8       0x20 /Applications/VEXcode Pro V5.app/Contents/Resources/sdk/vexv5/libv5rt.a(v5_apiuser.c.obj)
                0x00000000038046d8                vexMotorGearingSet
 .text.vexMotorGearingGet
                0x00000000038046f8       0x18 /Applications/VEXcode Pro V5.app/Contents/Resources/sdk/vexv5/libv5rt.a(v5_apiuser.c.obj)
                0x00000000038046f8                vexMotorGearingGet
 .text.vexImuReset
                0x0000000003804710       0x10 /Applications/VEXcode Pro V5.app/Contents/Resources/sdk/vexv5/libv5rt.a(v5_apiuser.c.obj)
                0x0000000003804710                vexImuReset
 .text.vexImuHeadingGet
                0x0000000003804720       0x10 /Applications/VEXcode Pro V5.app/Contents/Resources/sdk/vexv5/libv5rt.a(v5_apiuser.c.obj)
                0x0000000003804720                vexImuHeadingGet
 .text.vexImuDegreesGet
                0x0000000003804730       0x10 /Applications/VEXcode Pro V5.app/Contents/Resources/sdk/vexv5/libv5rt.a(v5_apiuser.c.obj)
                0x0000000003804730                vexImuDegreesGet
 .text.vexImuStatusGet
                0x0000000003804740       0x10 /Applications/VEXcode Pro V5.app/Contents/Resources/sdk/vexv5/libv5rt.a(v5_apiuser.c.obj)
                0x0000000003804740                vexImuStatusGet
 .text.vexEventMaskSet
                0x0000000003804750       0x28 /Applications/VEXcode Pro V5.app/Contents/Resources/sdk/vexv5/libv5rt.a(v5_apiuser.c.obj)
                0x0000000003804750                vexEventMaskSet
 .text.vexEventMaskGet
                0x0000000003804778       0x18 /Applications/VEXcode Pro V5.app/Contents/Resources/sdk/vexv5/libv5rt.a(v5_apiuser.c.obj)
                0x0000000003804778                vexEventMaskGet
 .text._ZN3vex6deviceD2Ev
                0x0000000003804790        0x4 /Applications/VEXcode Pro V5.app/Contents/Resources/sdk/vexv5/libv5rt.a(vex_device.cpp.obj)
                0x0000000003804790                vex::device::~device()
                0x0000000003804790                vex::device::~device()
 .text._ZN3vex6device5valueEv
                0x0000000003804794        0x8 /Applications/VEXcode Pro V5.app/Contents/Resources/sdk/vexv5/libv5rt.a(vex_device.cpp.obj)
                0x0000000003804794                vex::device::value()
 .text._ZN3vex6deviceD0Ev
                0x000000000380479c       0x14 /Applications/VEXcode Pro V5.app/Contents/Resources/sdk/vexv5/libv5rt.a(vex_device.cpp.obj)
                0x000000000380479c                vex::device::~device()
 .text._ZN3vex6device4initEl
                0x00000000038047b0       0x30 /Applications/VEXcode Pro V5.app/Contents/Resources/sdk/vexv5/libv5rt.a(vex_device.cpp.obj)
                0x00000000038047b0                vex::device::init(long)
 .text._ZN3vex6deviceC2El
                0x00000000038047e0       0x20 /Applications/VEXcode Pro V5.app/Contents/Resources/sdk/vexv5/libv5rt.a(vex_device.cpp.obj)
                0x00000000038047e0                vex::device::device(long)
                0x00000000038047e0                vex::device::device(long)
 .text._ZN3vex6device4typeEv
                0x0000000003804800       0x10 /Applications/VEXcode Pro V5.app/Contents/Resources/sdk/vexv5/libv5rt.a(vex_device.cpp.obj)
                0x0000000003804800                vex::device::type()
 .text._ZN3vex6device9installedEv
                0x0000000003804810       0x14 /Applications/VEXcode Pro V5.app/Contents/Resources/sdk/vexv5/libv5rt.a(vex_device.cpp.obj)
                0x0000000003804810                vex::device::installed()
 .text._ZN3vex4taskC2EPFivE
                0x0000000003804824       0x5c /Applications/VEXcode Pro V5.app/Contents/Resources/sdk/vexv5/libv5rt.a(vex_task.cpp.obj)
                0x0000000003804824                vex::task::task(int (*)())
                0x0000000003804824                vex::task::task(int (*)())
 .text._ZN3vex4taskD2Ev
                0x0000000003804880        0x4 /Applications/VEXcode Pro V5.app/Contents/Resources/sdk/vexv5/libv5rt.a(vex_task.cpp.obj)
                0x0000000003804880                vex::task::~task()
                0x0000000003804880                vex::task::~task()
 .text._ZN3vex4task4stopEPvi
                0x0000000003804884       0x1c /Applications/VEXcode Pro V5.app/Contents/Resources/sdk/vexv5/libv5rt.a(vex_task.cpp.obj)
                0x0000000003804884                vex::task::stop(void*, int)
 .text._ZN3vex4task6_indexEPFivE
                0x00000000038048a0       0x14 /Applications/VEXcode Pro V5.app/Contents/Resources/sdk/vexv5/libv5rt.a(vex_task.cpp.obj)
                0x00000000038048a0                vex::task::_index(int (*)())
 .text._ZN3vex4task8_stopAllEv
                0x00000000038048b4       0x3c /Applications/VEXcode Pro V5.app/Contents/Resources/sdk/vexv5/libv5rt.a(vex_task.cpp.obj)
                0x00000000038048b4                vex::task::_stopAll()
 .text.__libc_fini_array
                0x00000000038048f0       0x30 /Applications/VEXcode Pro V5.app/Contents/Resources/sdk/vexv5/gcc/libs/libc.a(lib_a-fini.o)
                0x00000000038048f0                __libc_fini_array
 .text.__libc_init_array
                0x0000000003804920       0x58 /Applications/VEXcode Pro V5.app/Contents/Resources/sdk/vexv5/gcc/libs/libc.a(lib_a-init.o)
                0x0000000003804920                __libc_init_array
 .text.__libc_init_array.__stub
                0x0000000003804978       0x20 linker stubs
 *(.gnu.linkonce.t.*)
 *(.plt)
 *(.gnu_warning)
 *(.gcc_except_table)
 *(.glue_7)
 .glue_7        0x0000000003804998        0x0 linker stubs
 *(.glue_7t)
 .glue_7t       0x0000000003804998        0x0 linker stubs
 *(.vfp11_veneer)
 .vfp11_veneer  0x0000000003804998        0x0 linker stubs
 *(.ARM.extab)
 *(.gnu.linkonce.armextab.*)

.v4_bx          0x0000000003804998        0x0
 .v4_bx         0x0000000003804998        0x0 linker stubs

.iplt           0x0000000003804998        0x0
 .iplt          0x0000000003804998        0x0 build/src/main.o

.init
 *(.init)

.fini
 *(.fini)

.rodata         0x0000000003804998      0x2a8
                0x0000000003804998                __rodata_start = .
 *(.rodata)
 *(.rodata.*)
 .rodata.str1.1
                0x0000000003804998       0xbb build/src/main.o
 .rodata.str1.1
                0x0000000003804a53       0x2e /Applications/VEXcode Pro V5.app/Contents/Resources/sdk/vexv5/libv5rt.a(v5_startup.c.obj)
 *fill*         0x0000000003804a81        0x3 
 .rodata._ZN3vex5PORT3E
                0x0000000003804a84        0x4 /Applications/VEXcode Pro V5.app/Contents/Resources/sdk/vexv5/libv5rt.a(vex_global.cpp.obj)
                0x0000000003804a84                vex::PORT3
 .rodata._ZN3vex5PORT1E
                0x0000000003804a88        0x4 /Applications/VEXcode Pro V5.app/Contents/Resources/sdk/vexv5/libv5rt.a(vex_global.cpp.obj)
                0x0000000003804a88                vex::PORT1
 .rodata._ZN3vex7reverseE
                0x0000000003804a8c        0x4 /Applications/VEXcode Pro V5.app/Contents/Resources/sdk/vexv5/libv5rt.a(vex_global.cpp.obj)
                0x0000000003804a8c                vex::reverse
 .rodata._ZN3vex4voltE
                0x0000000003804a90        0x4 /Applications/VEXcode Pro V5.app/Contents/Resources/sdk/vexv5/libv5rt.a(vex_global.cpp.obj)
                0x0000000003804a90                vex::volt
 .rodata._ZN3vex6PORT10E
                0x0000000003804a94        0x4 /Applications/VEXcode Pro V5.app/Contents/Resources/sdk/vexv5/libv5rt.a(vex_global.cpp.obj)
                0x0000000003804a94                vex::PORT10
 .rodata._ZN3vex5PORT5E
                0x0000000003804a98        0x4 /Applications/VEXcode Pro V5.app/Contents/Resources/sdk/vexv5/libv5rt.a(vex_global.cpp.obj)
                0x0000000003804a98                vex::PORT5
 .rodata._ZN3vex7forwardE
                0x0000000003804a9c        0x4 /Applications/VEXcode Pro V5.app/Contents/Resources/sdk/vexv5/libv5rt.a(vex_global.cpp.obj)
                0x0000000003804a9c                vex::forward
 .rodata._ZN3vex4msecE
                0x0000000003804aa0        0x4 /Applications/VEXcode Pro V5.app/Contents/Resources/sdk/vexv5/libv5rt.a(vex_global.cpp.obj)
                0x0000000003804aa0                vex::msec
 .rodata._ZN3vex9ratio36_1E
                0x0000000003804aa4        0x4 /Applications/VEXcode Pro V5.app/Contents/Resources/sdk/vexv5/libv5rt.a(vex_global.cpp.obj)
                0x0000000003804aa4                vex::ratio36_1
 .rodata._ZN3vex5PORT9E
                0x0000000003804aa8        0x4 /Applications/VEXcode Pro V5.app/Contents/Resources/sdk/vexv5/libv5rt.a(vex_global.cpp.obj)
                0x0000000003804aa8                vex::PORT9
 .rodata._ZN3vex5PORT2E
                0x0000000003804aac        0x4 /Applications/VEXcode Pro V5.app/Contents/Resources/sdk/vexv5/libv5rt.a(vex_global.cpp.obj)
                0x0000000003804aac                vex::PORT2
 .rodata._ZN3vex5PORT6E
                0x0000000003804ab0        0x4 /Applications/VEXcode Pro V5.app/Contents/Resources/sdk/vexv5/libv5rt.a(vex_global.cpp.obj)
                0x0000000003804ab0                vex::PORT6
 .rodata._ZN3vex7primaryE
                0x0000000003804ab4        0x4 /Applications/VEXcode Pro V5.app/Contents/Resources/sdk/vexv5/libv5rt.a(vex_global.cpp.obj)
                0x0000000003804ab4                vex::primary
 .rodata._ZN3vex7percentE
                0x0000000003804ab8        0x4 /Applications/VEXcode Pro V5.app/Contents/Resources/sdk/vexv5/libv5rt.a(vex_global.cpp.obj)
                0x0000000003804ab8                vex::percent
 .rodata._ZN3vex6PORT19E
                0x0000000003804abc        0x4 /Applications/VEXcode Pro V5.app/Contents/Resources/sdk/vexv5/libv5rt.a(vex_global.cpp.obj)
                0x0000000003804abc                vex::PORT19
 .rodata._ZN3vex7degreesE
                0x0000000003804ac0        0x4 /Applications/VEXcode Pro V5.app/Contents/Resources/sdk/vexv5/libv5rt.a(vex_global.cpp.obj)
                0x0000000003804ac0                vex::degrees
 .rodata._ZN3vex6PORT22E
                0x0000000003804ac4        0x4 /Applications/VEXcode Pro V5.app/Contents/Resources/sdk/vexv5/libv5rt.a(vex_global.cpp.obj)
                0x0000000003804ac4                vex::PORT22
 .rodata._ZN3vex4holdE
                0x0000000003804ac8        0x4 /Applications/VEXcode Pro V5.app/Contents/Resources/sdk/vexv5/libv5rt.a(vex_global.cpp.obj)
                0x0000000003804ac8                vex::hold
 .rodata._ZN3vex6PORT16E
                0x0000000003804acc        0x4 /Applications/VEXcode Pro V5.app/Contents/Resources/sdk/vexv5/libv5rt.a(vex_global.cpp.obj)
                0x0000000003804acc                vex::PORT16
 .rodata._ZN3vex8ratio6_1E
                0x0000000003804ad0        0x4 /Applications/VEXcode Pro V5.app/Contents/Resources/sdk/vexv5/libv5rt.a(vex_global.cpp.obj)
                0x0000000003804ad0                vex::ratio6_1
 .rodata._ZN3vex5coastE
                0x0000000003804ad4        0x4 /Applications/VEXcode Pro V5.app/Contents/Resources/sdk/vexv5/libv5rt.a(vex_global.cpp.obj)
                0x0000000003804ad4                vex::coast
 .rodata._ZTVN3vex5motorE
                0x0000000003804ad8       0x18 /Applications/VEXcode Pro V5.app/Contents/Resources/sdk/vexv5/libv5rt.a(vex_motor.cpp.obj)
                0x0000000003804ad8                vtable for vex::motor
 .rodata._ZTVN3vex8inertialE
                0x0000000003804af0       0x68 /Applications/VEXcode Pro V5.app/Contents/Resources/sdk/vexv5/libv5rt.a(vex_imu.cpp.obj)
                0x0000000003804af0                vtable for vex::inertial
 .rodata.str1.1
                0x0000000003804b58       0x1f /Applications/VEXcode Pro V5.app/Contents/Resources/sdk/vexv5/libv5rt.a(vex_controller.cpp.obj)
                                         0x20 (size before relaxing)
 .rodata.CSWTCH.16
                0x0000000003804b77        0xb /Applications/VEXcode Pro V5.app/Contents/Resources/sdk/vexv5/libv5rt.a(vex_controller.cpp.obj)
 .rodata.CSWTCH.18
                0x0000000003804b82        0xb /Applications/VEXcode Pro V5.app/Contents/Resources/sdk/vexv5/libv5rt.a(vex_controller.cpp.obj)
 .rodata.CSWTCH.24
                0x0000000003804b8d        0x3 /Applications/VEXcode Pro V5.app/Contents/Resources/sdk/vexv5/libv5rt.a(vex_controller.cpp.obj)
 .rodata.str1.1
                0x0000000003804b90       0x14 /Applications/VEXcode Pro V5.app/Contents/Resources/sdk/vexv5/libv5rt.a(vex_thread.cpp.obj)
 .rodata.str1.1
                0x0000000003804ba4       0x2d /Applications/VEXcode Pro V5.app/Contents/Resources/sdk/vexv5/libv5rt.a(vex_brain.cpp.obj)
 .rodata.CSWTCH.36
                0x0000000003804bd1       0x10 /Applications/VEXcode Pro V5.app/Contents/Resources/sdk/vexv5/libv5rt.a(vex_triport.cpp.obj)
 *fill*         0x0000000003804be1        0x7 
 .rodata._ZTVN3vex7triportE
                0x0000000003804be8       0x18 /Applications/VEXcode Pro V5.app/Contents/Resources/sdk/vexv5/libv5rt.a(vex_triport.cpp.obj)
                0x0000000003804be8                vtable for vex::triport
 .rodata.CSWTCH.31
                0x0000000003804c00        0xe /Applications/VEXcode Pro V5.app/Contents/Resources/sdk/vexv5/libv5rt.a(vex_triport.cpp.obj)
 *fill*         0x0000000003804c0e        0x2 
 .rodata._ZTVN3vex6deviceE
                0x0000000003804c10       0x18 /Applications/VEXcode Pro V5.app/Contents/Resources/sdk/vexv5/libv5rt.a(vex_device.cpp.obj)
                0x0000000003804c10                vtable for vex::device
 .rodata.str1.1
                0x0000000003804c28       0x14 /Applications/VEXcode Pro V5.app/Contents/Resources/sdk/vexv5/libv5rt.a(vex_task.cpp.obj)
 .rodata.str1.4
                0x0000000003804c3c        0x4 /Applications/VEXcode Pro V5.app/Contents/Resources/sdk/vexv5/gcc/libs/libc.a(lib_a-impure.o)
                                          0x2 (size before relaxing)
 *(.gnu.linkonce.r.*)
                0x0000000003804c40                __rodata_end = .

.rodata1        0x0000000003804c40        0x0
                0x0000000003804c40                __rodata1_start = .
 *(.rodata1)
 *(.rodata1.*)
                0x0000000003804c40                __rodata1_end = .

.sdata2         0x0000000003804c40        0x0
                0x0000000003804c40                __sdata2_start = .
 *(.sdata2)
 *(.sdata2.*)
 *(.gnu.linkonce.s2.*)
                0x0000000003804c40                __sdata2_end = .

.sbss2          0x0000000003804c40        0x0
                0x0000000003804c40                __sbss2_start = .
 *(.sbss2)
 *(.sbss2.*)
 *(.gnu.linkonce.sb2.*)
                0x0000000003804c40                __sbss2_end = .

.data           0x0000000003804c40      0x49c
                0x0000000003804c40                __data_start = .
 *(.data)
 *(.data.*)
 .data.kDrive   0x0000000003804c40       0x18 build/src/main.o
                0x0000000003804c40                kDrive
 .data.kTurn    0x0000000003804c58       0x18 build/src/main.o
                0x0000000003804c58                kTurn
 .data.turnVal  0x0000000003804c70        0x8 build/src/main.o
                0x0000000003804c70                turnVal
 .data.ang_accept
                0x0000000003804c78        0x8 build/src/main.o
                0x0000000003804c78                ang_accept
 .data.dis      0x0000000003804c80        0x8 build/src/main.o
                0x0000000003804c80                dis
 .data.dis_accept
                0x0000000003804c88        0x8 build/src/main.o
                0x0000000003804c88                dis_accept
 .data.dis_FS   0x0000000003804c90        0x8 build/src/odom/odom.o
                0x0000000003804c90                dis_FS
 .data.dis_FI   0x0000000003804c98        0x8 build/src/odom/odom.o
                0x0000000003804c98                dis_FI
 .data.appRunning
                0x0000000003804ca0        0x4 /Applications/VEXcode Pro V5.app/Contents/Resources/sdk/vexv5/libv5rt.a(v5_startup.c.obj)
                0x0000000003804ca0                appRunning
 .data.__yoff   0x0000000003804ca4        0x4 /Applications/VEXcode Pro V5.app/Contents/Resources/sdk/vexv5/libv5rt.a(v5_apijump.c.obj)
 .data._ZN3vex24__default_motor_velocityE
                0x0000000003804ca8        0x4 /Applications/VEXcode Pro V5.app/Contents/Resources/sdk/vexv5/libv5rt.a(vex_motor.cpp.obj)
                0x0000000003804ca8                vex::__default_motor_velocity
 *fill*         0x0000000003804cac        0x4 
 .data.impure_data
                0x0000000003804cb0      0x428 /Applications/VEXcode Pro V5.app/Contents/Resources/sdk/vexv5/gcc/libs/libc.a(lib_a-impure.o)
 .data._impure_ptr
                0x00000000038050d8        0x4 /Applications/VEXcode Pro V5.app/Contents/Resources/sdk/vexv5/gcc/libs/libc.a(lib_a-impure.o)
                0x00000000038050d8                _impure_ptr
 *(.gnu.linkonce.d.*)
 *(.jcr)
 *(.got)
 *(.got.plt)
                0x00000000038050dc                __data_end = .

.igot.plt       0x00000000038050dc        0x0
 .igot.plt      0x00000000038050dc        0x0 build/src/main.o

.data1          0x00000000038050dc        0x0
                0x00000000038050dc                __data1_start = .
 *(.data1)
 *(.data1.*)
                0x00000000038050dc                __data1_end = .

.got
 *(.got)

.ctors          0x00000000038050dc        0x0
                0x00000000038050dc                __CTOR_LIST__ = .
                0x00000000038050dc                ___CTORS_LIST___ = .
 *crtbegin.o(.ctors)
 *(EXCLUDE_FILE(*crtend.o) .ctors)
 *(SORT_BY_NAME(.ctors.*))
 *(.ctors)
                0x00000000038050dc                __CTOR_END__ = .
                0x00000000038050dc                ___CTORS_END___ = .

.dtors          0x00000000038050dc        0x0
                0x00000000038050dc                __DTOR_LIST__ = .
                0x00000000038050dc                ___DTORS_LIST___ = .
 *crtbegin.o(.dtors)
 *(EXCLUDE_FILE(*crtend.o) .dtors)
 *(SORT_BY_NAME(.dtors.*))
 *(.dtors)
                0x00000000038050dc                __DTOR_END__ = .
                0x00000000038050dc                ___DTORS_END___ = .

.fixup          0x00000000038050dc        0x0
                0x00000000038050dc                __fixup_start = .
 *(.fixup)
                0x00000000038050dc                __fixup_end = .

.eh_frame
 *(.eh_frame)

.eh_framehdr    0x00000000038050dc        0x0
                0x00000000038050dc                __eh_framehdr_start = .
 *(.eh_framehdr)
                0x00000000038050dc                __eh_framehdr_end = .

.gcc_except_table
 *(.gcc_except_table)

.mmu_tbl        0x0000000003808000        0x0
                0x0000000003808000                __mmu_tbl_start = .
 *(.mmu_tbl)
                0x0000000003808000                __mmu_tbl_end = .

.ARM.exidx      0x00000000038050dc        0x8
                0x00000000038050dc                __exidx_start = .
 *(.ARM.exidx*)
 .ARM.exidx.text._ZNSt5queueI5robotSt5dequeIS0_SaIS0_EEED2Ev
                0x00000000038050dc        0x8 build/src/main.o
 .ARM.exidx.text._Z6recordv
                0x00000000038050e4        0x0 build/src/main.o
                                          0x8 (size before relaxing)
 .ARM.exidx.text._Z5shootv
                0x00000000038050e4        0x0 build/src/main.o
                                          0x8 (size before relaxing)
 .ARM.exidx.text._Z12drive_motorsN3vex13directionTypeEdd
                0x00000000038050e4        0x0 build/src/main.o
                                          0x8 (size before relaxing)
 .ARM.exidx.text._Z4firev
                0x00000000038050e4        0x0 build/src/main.o
                                          0x8 (size before relaxing)
 .ARM.exidx.text._Z9pre_autonv
                0x00000000038050e4        0x0 build/src/main.o
                                          0x8 (size before relaxing)
 .ARM.exidx.text._Z10autonomousv
                0x00000000038050e4        0x0 build/src/main.o
                                          0x8 (size before relaxing)
 .ARM.exidx.text._ZNSt6vectorIdSaIdEEC2ESt16initializer_listIdERKS0_
                0x00000000038050e4        0x0 build/src/main.o
                                          0x8 (size before relaxing)
 .ARM.exidx.text._Z11usercontrolv
                0x00000000038050e4        0x0 build/src/main.o
                                          0x8 (size before relaxing)
 .ARM.exidx.text.main
                0x00000000038050e4        0x0 build/src/main.o
                                          0x8 (size before relaxing)
 .ARM.exidx.text._ZNSt11_Deque_baseI5robotSaIS0_EE17_M_initialize_mapEj
                0x00000000038050e4        0x0 build/src/main.o
                                          0x8 (size before relaxing)
 .ARM.exidx.text._ZNSt11_Deque_baseI5robotSaIS0_EED2Ev
                0x00000000038050e4        0x0 build/src/main.o
                                          0x8 (size before relaxing)
 .ARM.exidx.text._ZNSt11_Deque_baseI5robotSaIS0_EEC2EOS2_
                0x00000000038050e4        0x0 build/src/main.o
                                          0x8 (size before relaxing)
 .ARM.exidx.text._ZNSt12_Vector_baseIdSaIdEE11_M_allocateEj
                0x00000000038050e4        0x0 build/src/main.o
                                          0x8 (size before relaxing)
 .ARM.exidx.text._GLOBAL__sub_I_main.cpp
                0x00000000038050e4        0x0 build/src/main.o
                                          0x8 (size before relaxing)
 .ARM.exidx.text._Z11vexcodeInitv
                0x00000000038050e4        0x0 build/src/robot-config.o
                                          0x8 (size before relaxing)
 .ARM.exidx.text._GLOBAL__sub_I_robot_config.cpp
                0x00000000038050e4        0x0 build/src/robot-config.o
                                          0x8 (size before relaxing)
 .ARM.exidx.text._Z7get_disSt6vectorIdSaIdEES1_
                0x00000000038050e4        0x0 build/src/PurePursuit/PurePursuit.o
                                          0x8 (size before relaxing)
 .ARM.exidx.text._Z14BlueMatchAutonv
                0x00000000038050e4        0x0 build/src/auton/auton.o
                                          0x8 (size before relaxing)
 .ARM.exidx.text._ZNSt5dequeI5robotSaIS0_EE16_M_push_back_auxIJS0_EEEvDpOT_
                0x00000000038050e4        0x0 build/src/auton/auton.o
                                          0x8 (size before relaxing)
 .ARM.exidx.text._ZNSt5dequeI5robotSaIS0_EE17_M_reallocate_mapEjb
                0x00000000038050e4        0x0 build/src/auton/auton.o
                                          0x8 (size before relaxing)
 .ARM.exidx.text._GLOBAL__sub_I_auton.cpp
                0x00000000038050e4        0x0 build/src/auton/auton.o
                                          0x8 (size before relaxing)
 .ARM.exidx.text._Z13calcWheelValsddPd
                0x00000000038050e4        0x0 build/src/odom/odom.o
                                          0x8 (size before relaxing)
 .ARM.exidx.text._Z10initializeddd
                0x00000000038050e4        0x0 build/src/odom/odom.o
                                          0x8 (size before relaxing)
 .ARM.exidx.text._ZN3PIDC2EPd
                0x00000000038050e4        0x0 build/src/pid/pid.o
                                          0x8 (size before relaxing)
 .ARM.exidx.text._ZN3PID9get_valueEd
                0x00000000038050e4        0x0 build/src/pid/pid.o
                                          0x8 (size before relaxing)
 .ARM.exidx.text._GLOBAL__sub_I_pid.cpp
                0x00000000038050e4        0x0 build/src/pid/pid.o
                                          0x8 (size before relaxing)
 *(.gnu.linkonce.armexidix.*.*)
                0x00000000038050e4                __exidx_end = .

.rel.dyn        0x00000000038050e4        0x0
 .rel.iplt      0x00000000038050e4        0x0 build/src/main.o

.preinit_array  0x00000000038050e4        0x0
                0x00000000038050e4                __preinit_array_start = .
 *(SORT_BY_NAME(.preinit_array.*))
 *(.preinit_array)
                0x00000000038050e4                __preinit_array_end = .

.init_array     0x00000000038050e4       0x14
                0x00000000038050e4                __init_array_start = .
 *(SORT_BY_NAME(.init_array.*))
 *(.init_array)
 .init_array    0x00000000038050e4        0x4 build/src/main.o
 .init_array    0x00000000038050e8        0x4 build/src/robot-config.o
 .init_array    0x00000000038050ec        0x4 build/src/auton/auton.o
 .init_array    0x00000000038050f0        0x4 build/src/pid/pid.o
 .init_array    0x00000000038050f4        0x4 /Applications/VEXcode Pro V5.app/Contents/Resources/sdk/vexv5/libv5rt.a(vex_color.cpp.obj)
                0x00000000038050f8                __init_array_end = .

.fini_array     0x00000000038050f8        0x0
                0x00000000038050f8                __fini_array_start = .
 *(SORT_BY_NAME(.fini_array.*))
 *(.fini_array)
                0x00000000038050f8                __fini_array_end = .

.ARM.attributes
                0x00000000038050f8       0x3a
                0x00000000038050f8                __ARM.attributes_start = .
 *(.ARM.attributes)
 .ARM.attributes
                0x00000000038050f8       0x3a build/src/main.o
 .ARM.attributes
                0x0000000003805132       0x3a build/src/robot-config.o
 .ARM.attributes
                0x000000000380516c       0x3a build/src/PurePursuit/PurePursuit.o
 .ARM.attributes
                0x00000000038051a6       0x3a build/src/auton/auton.o
 .ARM.attributes
                0x00000000038051e0       0x3a build/src/odom/odom.o
 .ARM.attributes
                0x000000000380521a       0x3a build/src/pid/pid.o
 .ARM.attributes
                0x0000000003805254       0x35 /Applications/VEXcode Pro V5.app/Contents/Resources/sdk/vexv5/libv5rt.a(v5_startup.c.obj)
 .ARM.attributes
                0x0000000003805289       0x35 /Applications/VEXcode Pro V5.app/Contents/Resources/sdk/vexv5/libv5rt.a(v5_util.c.obj)
 .ARM.attributes
                0x00000000038052be       0x35 /Applications/VEXcode Pro V5.app/Contents/Resources/sdk/vexv5/libv5rt.a(v5_apijump.c.obj)
 .ARM.attributes
                0x00000000038052f3       0x35 /Applications/VEXcode Pro V5.app/Contents/Resources/sdk/vexv5/libv5rt.a(v5_apiversions.c.obj)
 .ARM.attributes
                0x0000000003805328       0x35 /Applications/VEXcode Pro V5.app/Contents/Resources/sdk/vexv5/libv5rt.a(vex_global.cpp.obj)
 .ARM.attributes
                0x000000000380535d       0x35 /Applications/VEXcode Pro V5.app/Contents/Resources/sdk/vexv5/libv5rt.a(vex_motor.cpp.obj)
 .ARM.attributes
                0x0000000003805392       0x35 /Applications/VEXcode Pro V5.app/Contents/Resources/sdk/vexv5/libv5rt.a(vex_imu.cpp.obj)
 .ARM.attributes
                0x00000000038053c7       0x35 /Applications/VEXcode Pro V5.app/Contents/Resources/sdk/vexv5/libv5rt.a(vex_controller.cpp.obj)
 .ARM.attributes
                0x00000000038053fc       0x35 /Applications/VEXcode Pro V5.app/Contents/Resources/sdk/vexv5/libv5rt.a(vex_thread.cpp.obj)
 .ARM.attributes
                0x0000000003805431       0x35 /Applications/VEXcode Pro V5.app/Contents/Resources/sdk/vexv5/libv5rt.a(vex_event.cpp.obj)
 .ARM.attributes
                0x0000000003805466       0x35 /Applications/VEXcode Pro V5.app/Contents/Resources/sdk/vexv5/libv5rt.a(vex_mevent.cpp.obj)
 .ARM.attributes
                0x000000000380549b       0x35 /Applications/VEXcode Pro V5.app/Contents/Resources/sdk/vexv5/libv5rt.a(vex_brain.cpp.obj)
 .ARM.attributes
                0x00000000038054d0       0x35 /Applications/VEXcode Pro V5.app/Contents/Resources/sdk/vexv5/libv5rt.a(vex_competition.cpp.obj)
 .ARM.attributes
                0x0000000003805505       0x35 /Applications/VEXcode Pro V5.app/Contents/Resources/sdk/vexv5/libv5rt.a(vex_triport.cpp.obj)
 .ARM.attributes
                0x000000000380553a       0x35 /Applications/VEXcode Pro V5.app/Contents/Resources/sdk/vexv5/libv5rt.a(vex_color.cpp.obj)
 .ARM.attributes
                0x000000000380556f       0x35 /Applications/VEXcode Pro V5.app/Contents/Resources/sdk/vexv5/libv5rt.a(vex_timer.cpp.obj)
 .ARM.attributes
                0x00000000038055a4       0x35 /Applications/VEXcode Pro V5.app/Contents/Resources/sdk/vexv5/libv5rt.a(v5_apiuser.c.obj)
 .ARM.attributes
                0x00000000038055d9       0x35 /Applications/VEXcode Pro V5.app/Contents/Resources/sdk/vexv5/libv5rt.a(vex_device.cpp.obj)
 .ARM.attributes
                0x000000000380560e       0x35 /Applications/VEXcode Pro V5.app/Contents/Resources/sdk/vexv5/libv5rt.a(vex_task.cpp.obj)
 .ARM.attributes
                0x0000000003805643       0x19 /Applications/VEXcode Pro V5.app/Contents/Resources/sdk/vexv5/gcc/libs/libc.a(lib_a-aeabi_memmove-soft.o)
 .ARM.attributes
                0x000000000380565c       0x2b /Applications/VEXcode Pro V5.app/Contents/Resources/sdk/vexv5/gcc/libs/libc.a(lib_a-fini.o)
 .ARM.attributes
                0x0000000003805687       0x2b /Applications/VEXcode Pro V5.app/Contents/Resources/sdk/vexv5/gcc/libs/libc.a(lib_a-impure.o)
 .ARM.attributes
                0x00000000038056b2       0x2b /Applications/VEXcode Pro V5.app/Contents/Resources/sdk/vexv5/gcc/libs/libc.a(lib_a-init.o)
                0x00000000038056dd                __ARM.attributes_end = .

.sdata          0x00000000038050f8        0x0
                0x00000000038050f8                __sdata_start = .
 *(.sdata)
 *(.sdata.*)
 *(.gnu.linkonce.s.*)
                0x00000000038050f8                __sdata_end = .

.sbss           0x00000000038050f8        0x0
                0x00000000038050f8                __sbss_start = .
 *(.sbss)
 *(.sbss.*)
 *(.gnu.linkonce.sb.*)
                0x00000000038050f8                __sbss_end = .

.tdata          0x00000000038050f8        0x0
                0x00000000038050f8                __tdata_start = .
 *(.tdata)
 *(.tdata.*)
 *(.gnu.linkonce.td.*)
                0x00000000038050f8                __tdata_end = .

.tbss           0x00000000038050f8        0x0
                0x00000000038050f8                __tbss_start = .
 *(.tbss)
 *(.tbss.*)
 *(.gnu.linkonce.tb.*)
                0x00000000038050f8                __tbss_end = .

.bss            0x00000000038050f8      0x819
                0x00000000038050f8                __bss_start = .
 *(.bss)
 *(.bss.*)
 .bss.driveVals
                0x00000000038050f8       0x40 build/src/main.o
                0x00000000038050f8                driveVals
 .bss._ZGV9driveVals
                0x0000000003805138        0x4 build/src/main.o
                0x0000000003805138                guard variable for driveVals
 *fill*         0x000000000380513c        0x4 
 .bss.turnVals  0x0000000003805140       0x40 build/src/main.o
                0x0000000003805140                turnVals
 .bss._ZGV8turnVals
                0x0000000003805180        0x4 build/src/main.o
                0x0000000003805180                guard variable for turnVals
 .bss._ZStL8__ioinit
                0x0000000003805184        0x1 build/src/main.o
 *fill*         0x0000000003805185        0x3 
 .bss.q         0x0000000003805188       0x28 build/src/main.o
                0x0000000003805188                q
 .bss._ZGV1q    0x00000000038051b0        0x4 build/src/main.o
                0x00000000038051b0                guard variable for q
 .bss.Competition
                0x00000000038051b4       0x28 build/src/main.o
                0x00000000038051b4                Competition
 *fill*         0x00000000038051dc        0x4 
 .bss.TW_A_dis  0x00000000038051e0        0x8 build/src/main.o
                0x00000000038051e0                TW_A_dis
 .bss.TW_B_dis  0x00000000038051e8        0x8 build/src/main.o
                0x00000000038051e8                TW_B_dis
 .bss.prev_TW_A_dis
                0x00000000038051f0        0x8 build/src/main.o
                0x00000000038051f0                prev_TW_A_dis
 .bss.prev_TW_B_dis
                0x00000000038051f8        0x8 build/src/main.o
                0x00000000038051f8                prev_TW_B_dis
 .bss.target_ang
                0x0000000003805200        0x8 build/src/main.o
                0x0000000003805200                target_ang
 .bss.powVal    0x0000000003805208        0x8 build/src/main.o
                0x0000000003805208                powVal
 .bss.FWheelPos
                0x0000000003805210       0x18 build/src/main.o
                0x0000000003805210                FWheelPos
 .bss.SWheelPos
                0x0000000003805228       0x18 build/src/main.o
                0x0000000003805228                SWheelPos
 .bss.IPos      0x0000000003805240       0x18 build/src/main.o
                0x0000000003805240                IPos
 .bss.Brain     0x0000000003805258      0x2bc build/src/robot-config.o
                0x0000000003805258                Brain
 .bss.LeftUp    0x0000000003805514       0x24 build/src/robot-config.o
                0x0000000003805514                LeftUp
 .bss.LeftMiddle
                0x0000000003805538       0x24 build/src/robot-config.o
                0x0000000003805538                LeftMiddle
 .bss.LeftDown  0x000000000380555c       0x24 build/src/robot-config.o
                0x000000000380555c                LeftDown
 .bss.RightUp   0x0000000003805580       0x24 build/src/robot-config.o
                0x0000000003805580                RightUp
 .bss.RightMiddle
                0x00000000038055a4       0x24 build/src/robot-config.o
                0x00000000038055a4                RightMiddle
 .bss.RightDown
                0x00000000038055c8       0x24 build/src/robot-config.o
                0x00000000038055c8                RightDown
 .bss.Controller1
                0x00000000038055ec      0x1ac build/src/robot-config.o
                0x00000000038055ec                Controller1
 .bss.Intake    0x0000000003805798       0x24 build/src/robot-config.o
                0x0000000003805798                Intake
 .bss.Cata      0x00000000038057bc       0x24 build/src/robot-config.o
                0x00000000038057bc                Cata
 .bss.TW_forw   0x00000000038057e0       0x1c build/src/robot-config.o
                0x00000000038057e0                TW_forw
 .bss.TW_side   0x00000000038057fc       0x1c build/src/robot-config.o
                0x00000000038057fc                TW_side
 .bss.InertialSensor
                0x0000000003805818       0x38 build/src/robot-config.o
                0x0000000003805818                InertialSensor
 .bss.Left_String
                0x0000000003805850       0x18 build/src/robot-config.o